PRT1
8
10
36
4 0 4 0 (0 416 352 ) (0 768 352 ) (0 768 0 ) (0 416 0 ) 
4 0 1 0 (0 416 0 ) (96 416 0 ) (96 416 224 ) (0 416 224 ) 
4 1 5 0 (0 416 224 ) (0 416 0 ) (0 384 0 ) (0 384 224 ) 
4 1 2 0 (0 384 0 ) (96 384 0 ) (96 384 224 ) (0 384 224 ) 
4 2 6 0 (0 0 0 ) (0 0 352 ) (0 384 352 ) (0 384 0 ) 
4 2 3 0 (0 0 352 ) (0 0 0 ) (960 0 0 ) (960 0 352 ) 
4 3 7 0 (0 -768 352 ) (0 0 352 ) (0 0 0 ) (0 -768 0 ) 
4 4 5 0 (-96 416 224 ) (-96 416 0 ) (0 416 0 ) (0 416 224 ) 
4 5 6 0 (-96 384 224 ) (-96 384 0 ) (0 384 0 ) (0 384 224 ) 
4 6 7 0 (-960 0 0 ) (0 0 0 ) (0 0 352 ) (-960 0 352 ) 
4 0 (96 416 224 ) (96 416 352 ) (0 416 352 ) (0 416 224 ) 
4 0 (96 416 0 ) (960 416 0 ) (960 416 352 ) (96 416 352 ) 
4 0 (0 768 352 ) (0 416 352 ) (960 416 352 ) (960 768 352 ) 
4 0 (0 416 0 ) (0 768 0 ) (960 768 0 ) (960 416 0 ) 
4 0 (960 768 352 ) (960 416 352 ) (960 416 0 ) (960 768 0 ) 
4 0 (0 768 352 ) (960 768 352 ) (960 768 0 ) (0 768 0 ) 
4 1 (96 384 224 ) (96 384 0 ) (96 416 0 ) (96 416 224 ) 
4 1 (0 384 0 ) (0 416 0 ) (96 416 0 ) (96 384 0 ) 
4 1 (0 384 224 ) (96 384 224 ) (96 416 224 ) (0 416 224 ) 
4 2 (0 384 224 ) (0 384 352 ) (96 384 352 ) (96 384 224 ) 
4 2 (96 384 352 ) (960 384 352 ) (960 384 0 ) (96 384 0 ) 
4 2 (0 384 352 ) (0 0 352 ) (960 0 352 ) (960 384 352 ) 
4 2 (960 0 0 ) (0 0 0 ) (0 384 0 ) (960 384 0 ) 
4 2 (960 384 352 ) (960 0 352 ) (960 0 0 ) (960 384 0 ) 
4 3 (960 -768 352 ) (960 0 352 ) (0 0 352 ) (0 -768 352 ) 
4 3 (0 -768 0 ) (0 0 0 ) (960 0 0 ) (960 -768 0 ) 
4 3 (960 -768 352 ) (960 -768 0 ) (960 0 0 ) (960 0 352 ) 
4 3 (0 -768 0 ) (960 -768 0 ) (960 -768 352 ) (0 -768 352 ) 
4 4 (0 416 352 ) (-96 416 352 ) (-96 416 224 ) (0 416 224 ) 
4 4 (-96 416 352 ) (-960 416 352 ) (-960 416 0 ) (-96 416 0 ) 
4 4 (0 416 352 ) (0 768 352 ) (-960 768 352 ) (-960 416 352 ) 
4 4 (-960 416 0 ) (-960 768 0 ) (0 768 0 ) (0 416 0 ) 
4 4 (-960 768 0 ) (-960 416 0 ) (-960 416 352 ) (-960 768 352 ) 
4 4 (0 768 0 ) (-960 768 0 ) (-960 768 352 ) (0 768 352 ) 
4 5 (-96 416 224 ) (-96 416 0 ) (-96 384 0 ) (-96 384 224 ) 
4 5 (-96 416 0 ) (0 416 0 ) (0 384 0 ) (-96 384 0 ) 
4 5 (0 416 224 ) (-96 416 224 ) (-96 384 224 ) (0 384 224 ) 
4 6 (0 384 224 ) (-96 384 224 ) (-96 384 352 ) (0 384 352 ) 
4 6 (-96 384 0 ) (-960 384 0 ) (-960 384 352 ) (-96 384 352 ) 
4 6 (0 384 352 ) (-960 384 352 ) (-960 0 352 ) (0 0 352 ) 
4 6 (0 0 0 ) (-960 0 0 ) (-960 384 0 ) (0 384 0 ) 
4 6 (-960 384 0 ) (-960 0 0 ) (-960 0 352 ) (-960 384 352 ) 
4 7 (0 -768 352 ) (0 0 352 ) (-960 0 352 ) (-960 -768 352 ) 
4 7 (-960 0 0 ) (0 0 0 ) (0 -768 0 ) (-960 -768 0 ) 
4 7 (-960 0 352 ) (-960 0 0 ) (-960 -768 0 ) (-960 -768 352 ) 
4 7 (0 -768 352 ) (-960 -768 352 ) (-960 -768 0 ) (0 -768 0 ) 
