PRT1
68
166
222
4 0 17 0 (960 0 224 ) (1024 0 224 ) (1024 0 320 ) (960 0 320 ) 
4 0 7 0 (960 640 224 ) (1024 640 224 ) (1024 0 224 ) (960 0 224 ) 
4 0 5 0 (960 24 224 ) (960 0 224 ) (960 0 256 ) (960 24 256 ) 
4 0 3 0 (960 640 288 ) (960 640 224 ) (960 24 224 ) (960 24 288 ) 
4 0 1 0 (960 640 320 ) (960 640 288 ) (960 0 288 ) (960 0 320 ) 
4 1 18 0 (272 0 288 ) (960 0 288 ) (960 0 320 ) (272 0 320 ) 
4 1 3 0 (272 640 288 ) (960 640 288 ) (960 24 288 ) (272 24 288 ) 
4 2 34 0 (0 0 288 ) (0 0 320 ) (0 640 320 ) (0 640 288 ) 
4 2 19 0 (0 0 320 ) (0 0 288 ) (240 0 288 ) (240 0 320 ) 
4 2 4 0 (0 640 288 ) (240 640 288 ) (240 24 288 ) (0 24 288 ) 
4 3 14 0 (920 560 224 ) (920 96 224 ) (272 96 224 ) (272 560 224 ) 
4 3 8 0 (272 640 224 ) (920 640 224 ) (920 560 224 ) (272 560 224 ) 
4 3 16 0 (920 96 224 ) (920 24 224 ) (272 24 224 ) (272 96 224 ) 
4 3 7 0 (920 640 224 ) (960 640 224 ) (960 24 224 ) (920 24 224 ) 
4 3 5 0 (272 24 224 ) (960 24 224 ) (960 24 256 ) (272 24 256 ) 
4 4 36 0 (0 24 288 ) (0 640 288 ) (0 640 224 ) (0 24 224 ) 
4 4 15 0 (240 560 224 ) (240 96 224 ) (0 96 224 ) (0 560 224 ) 
4 4 9 0 (0 640 224 ) (240 640 224 ) (240 560 224 ) (0 560 224 ) 
4 4 16 0 (240 96 224 ) (240 24 224 ) (0 24 224 ) (0 96 224 ) 
4 4 6 0 (0 24 224 ) (240 24 224 ) (240 24 256 ) (0 24 256 ) 
4 5 20 0 (272 0 224 ) (960 0 224 ) (960 0 256 ) (272 0 256 ) 
4 5 16 0 (920 0 224 ) (272 0 224 ) (272 24 224 ) (920 24 224 ) 
4 5 7 0 (960 24 224 ) (960 0 224 ) (920 0 224 ) (920 24 224 ) 
4 6 38 0 (0 0 224 ) (0 0 256 ) (0 24 256 ) (0 24 224 ) 
4 6 21 0 (0 0 256 ) (0 0 224 ) (240 0 224 ) (240 0 256 ) 
4 6 16 0 (240 0 224 ) (0 0 224 ) (0 24 224 ) (240 24 224 ) 
4 7 24 0 (920 0 0 ) (1024 0 0 ) (1024 0 224 ) (920 0 224 ) 
4 7 14 0 (920 96 224 ) (920 560 224 ) (920 560 0 ) (920 96 0 ) 
4 7 12 0 (920 600 0 ) (920 560 0 ) (920 560 32 ) (920 600 32 ) 
4 7 10 0 (920 640 72 ) (920 640 0 ) (920 600 0 ) (920 600 72 ) 
4 7 8 0 (920 560 224 ) (920 640 224 ) (920 640 72 ) (920 560 72 ) 
4 7 16 0 (920 0 224 ) (920 96 224 ) (920 96 0 ) (920 0 0 ) 
4 8 14 0 (920 560 72 ) (920 560 224 ) (272 560 224 ) (272 560 72 ) 
4 8 10 0 (272 600 72 ) (272 640 72 ) (920 640 72 ) (920 600 72 ) 
4 9 41 0 (0 560 224 ) (0 640 224 ) (0 640 72 ) (0 560 72 ) 
4 9 15 0 (240 560 224 ) (0 560 224 ) (0 560 72 ) (240 560 72 ) 
4 9 11 0 (0 600 72 ) (0 640 72 ) (240 640 72 ) (240 600 72 ) 
4 10 12 0 (272 600 0 ) (920 600 0 ) (920 600 32 ) (272 600 32 ) 
4 11 43 0 (0 640 72 ) (0 640 0 ) (0 600 0 ) (0 600 72 ) 
4 11 13 0 (0 600 0 ) (240 600 0 ) (240 600 32 ) (0 600 32 ) 
4 12 14 0 (272 560 0 ) (920 560 0 ) (920 560 32 ) (272 560 32 ) 
4 13 45 0 (0 600 0 ) (0 560 0 ) (0 560 32 ) (0 600 32 ) 
4 13 15 0 (0 560 0 ) (240 560 0 ) (240 560 32 ) (0 560 32 ) 
4 14 16 0 (272 96 0 ) (920 96 0 ) (920 96 224 ) (272 96 224 ) 
4 15 47 0 (0 96 224 ) (0 560 224 ) (0 560 0 ) (0 96 0 ) 
4 15 16 0 (0 96 0 ) (240 96 0 ) (240 96 224 ) (0 96 224 ) 
4 16 49 0 (0 0 0 ) (0 0 224 ) (0 96 224 ) (0 96 0 ) 
4 16 25 0 (0 0 224 ) (0 0 0 ) (920 0 0 ) (920 0 224 ) 
4 17 24 0 (1024 -640 224 ) (960 -640 224 ) (960 0 224 ) (1024 0 224 ) 
4 17 22 0 (960 -24 224 ) (960 -640 224 ) (960 -640 288 ) (960 -24 288 ) 
4 17 20 0 (960 0 224 ) (960 -24 224 ) (960 -24 256 ) (960 0 256 ) 
4 17 18 0 (960 -640 288 ) (960 -640 320 ) (960 0 320 ) (960 0 288 ) 
4 18 22 0 (960 -24 288 ) (960 -640 288 ) (272 -640 288 ) (272 -24 288 ) 
4 19 51 0 (0 -640 320 ) (0 0 320 ) (0 0 288 ) (0 -640 288 ) 
4 19 23 0 (240 -24 288 ) (240 -640 288 ) (0 -640 288 ) (0 -24 288 ) 
4 20 25 0 (272 0 224 ) (920 0 224 ) (920 -24 224 ) (272 -24 224 ) 
4 20 24 0 (920 0 224 ) (960 0 224 ) (960 -24 224 ) (920 -24 224 ) 
4 20 22 0 (272 -24 224 ) (960 -24 224 ) (960 -24 256 ) (272 -24 256 ) 
4 21 53 0 (0 0 256 ) (0 0 224 ) (0 -24 224 ) (0 -24 256 ) 
4 21 25 0 (0 -24 224 ) (0 0 224 ) (240 0 224 ) (240 -24 224 ) 
4 21 23 0 (0 -24 224 ) (240 -24 224 ) (240 -24 256 ) (0 -24 256 ) 
4 22 32 0 (920 -640 224 ) (272 -640 224 ) (272 -600 224 ) (920 -600 224 ) 
4 22 26 0 (272 -600 224 ) (272 -96 224 ) (920 -96 224 ) (920 -600 224 ) 
4 22 25 0 (272 -96 224 ) (272 -24 224 ) (920 -24 224 ) (920 -96 224 ) 
4 22 24 0 (960 -640 224 ) (920 -640 224 ) (920 -24 224 ) (960 -24 224 ) 
4 23 55 0 (0 -24 224 ) (0 -640 224 ) (0 -640 288 ) (0 -24 288 ) 
4 23 33 0 (240 -640 224 ) (0 -640 224 ) (0 -600 224 ) (240 -600 224 ) 
4 23 27 0 (0 -600 224 ) (0 -96 224 ) (240 -96 224 ) (240 -600 224 ) 
4 23 25 0 (0 -96 224 ) (0 -24 224 ) (240 -24 224 ) (240 -96 224 ) 
4 24 32 0 (920 -600 0 ) (920 -640 0 ) (920 -640 224 ) (920 -600 224 ) 
4 24 30 0 (920 -560 0 ) (920 -600 0 ) (920 -600 32 ) (920 -560 32 ) 
4 24 28 0 (920 -96 0 ) (920 -560 0 ) (920 -560 72 ) (920 -96 72 ) 
4 24 26 0 (920 -600 72 ) (920 -600 224 ) (920 -96 224 ) (920 -96 72 ) 
4 24 25 0 (920 0 0 ) (920 -96 0 ) (920 -96 224 ) (920 0 224 ) 
4 25 58 0 (0 0 224 ) (0 0 0 ) (0 -96 0 ) (0 -96 224 ) 
4 25 29 0 (0 -96 0 ) (240 -96 0 ) (240 -96 72 ) (0 -96 72 ) 
4 25 28 0 (272 -96 0 ) (920 -96 0 ) (920 -96 72 ) (272 -96 72 ) 
4 25 26 0 (920 -96 72 ) (920 -96 224 ) (272 -96 224 ) (272 -96 72 ) 
4 25 27 0 (240 -96 224 ) (0 -96 224 ) (0 -96 72 ) (240 -96 72 ) 
4 26 32 0 (920 -600 72 ) (920 -600 224 ) (272 -600 224 ) (272 -600 72 ) 
4 26 28 0 (272 -560 72 ) (272 -96 72 ) (920 -96 72 ) (920 -560 72 ) 
4 27 59 0 (0 -600 72 ) (0 -600 224 ) (0 -96 224 ) (0 -96 72 ) 
4 27 33 0 (240 -600 224 ) (0 -600 224 ) (0 -600 72 ) (240 -600 72 ) 
4 27 29 0 (0 -560 72 ) (0 -96 72 ) (240 -96 72 ) (240 -560 72 ) 
4 28 30 0 (272 -560 0 ) (920 -560 0 ) (920 -560 32 ) (272 -560 32 ) 
4 29 61 0 (0 -96 0 ) (0 -560 0 ) (0 -560 72 ) (0 -96 72 ) 
4 29 31 0 (0 -560 0 ) (240 -560 0 ) (240 -560 32 ) (0 -560 32 ) 
4 30 32 0 (272 -600 0 ) (920 -600 0 ) (920 -600 32 ) (272 -600 32 ) 
4 31 63 0 (0 -560 0 ) (0 -600 0 ) (0 -600 32 ) (0 -560 32 ) 
4 31 33 0 (0 -600 0 ) (240 -600 0 ) (240 -600 32 ) (0 -600 32 ) 
4 33 65 0 (0 -600 0 ) (0 -640 0 ) (0 -640 224 ) (0 -600 224 ) 
4 34 51 0 (0 0 288 ) (0 0 320 ) (-240 0 320 ) (-240 0 288 ) 
4 34 36 0 (-240 24 288 ) (-240 640 288 ) (0 640 288 ) (0 24 288 ) 
4 35 52 0 (-272 0 320 ) (-960 0 320 ) (-960 0 288 ) (-272 0 288 ) 
4 35 37 0 (-960 24 288 ) (-960 640 288 ) (-272 640 288 ) (-272 24 288 ) 
4 35 40 0 (-960 640 320 ) (-960 640 288 ) (-960 0 288 ) (-960 0 320 ) 
4 36 47 0 (0 560 224 ) (0 96 224 ) (-240 96 224 ) (-240 560 224 ) 
4 36 41 0 (-240 640 224 ) (0 640 224 ) (0 560 224 ) (-240 560 224 ) 
4 36 49 0 (0 96 224 ) (0 24 224 ) (-240 24 224 ) (-240 96 224 ) 
4 36 38 0 (-240 24 256 ) (-240 24 224 ) (0 24 224 ) (0 24 256 ) 
4 37 48 0 (-272 560 224 ) (-272 96 224 ) (-920 96 224 ) (-920 560 224 ) 
4 37 42 0 (-920 640 224 ) (-272 640 224 ) (-272 560 224 ) (-920 560 224 ) 
4 37 49 0 (-272 96 224 ) (-272 24 224 ) (-920 24 224 ) (-920 96 224 ) 
4 37 50 0 (-960 24 224 ) (-960 640 224 ) (-920 640 224 ) (-920 24 224 ) 
4 37 39 0 (-960 24 256 ) (-960 24 224 ) (-272 24 224 ) (-272 24 256 ) 
4 37 40 0 (-960 640 288 ) (-960 640 224 ) (-960 24 224 ) (-960 24 288 ) 
4 38 53 0 (0 0 224 ) (0 0 256 ) (-240 0 256 ) (-240 0 224 ) 
4 38 49 0 (0 0 224 ) (-240 0 224 ) (-240 24 224 ) (0 24 224 ) 
4 39 54 0 (-960 0 256 ) (-960 0 224 ) (-272 0 224 ) (-272 0 256 ) 
4 39 49 0 (-272 0 224 ) (-920 0 224 ) (-920 24 224 ) (-272 24 224 ) 
4 39 50 0 (-920 0 224 ) (-960 0 224 ) (-960 24 224 ) (-920 24 224 ) 
4 39 40 0 (-960 24 224 ) (-960 0 224 ) (-960 0 256 ) (-960 24 256 ) 
4 40 57 0 (-960 0 320 ) (-1024 0 320 ) (-1024 0 224 ) (-960 0 224 ) 
4 40 50 0 (-960 0 224 ) (-1024 0 224 ) (-1024 640 224 ) (-960 640 224 ) 
4 41 47 0 (-240 560 72 ) (0 560 72 ) (0 560 224 ) (-240 560 224 ) 
4 41 43 0 (-240 600 72 ) (-240 640 72 ) (0 640 72 ) (0 600 72 ) 
4 42 48 0 (-920 560 224 ) (-920 560 72 ) (-272 560 72 ) (-272 560 224 ) 
4 42 44 0 (-920 600 72 ) (-920 640 72 ) (-272 640 72 ) (-272 600 72 ) 
4 42 50 0 (-920 560 224 ) (-920 640 224 ) (-920 640 72 ) (-920 560 72 ) 
4 43 45 0 (-240 600 32 ) (-240 600 0 ) (0 600 0 ) (0 600 32 ) 
4 44 46 0 (-920 600 32 ) (-920 600 0 ) (-272 600 0 ) (-272 600 32 ) 
4 44 50 0 (-920 640 72 ) (-920 640 0 ) (-920 600 0 ) (-920 600 72 ) 
4 45 47 0 (-240 560 0 ) (0 560 0 ) (0 560 32 ) (-240 560 32 ) 
4 46 48 0 (-920 560 32 ) (-920 560 0 ) (-272 560 0 ) (-272 560 32 ) 
4 46 50 0 (-920 600 0 ) (-920 560 0 ) (-920 560 32 ) (-920 600 32 ) 
4 47 49 0 (-240 96 0 ) (0 96 0 ) (0 96 224 ) (-240 96 224 ) 
4 48 49 0 (-920 96 224 ) (-920 96 0 ) (-272 96 0 ) (-272 96 224 ) 
4 48 50 0 (-920 96 224 ) (-920 560 224 ) (-920 560 0 ) (-920 96 0 ) 
4 49 58 0 (-920 0 0 ) (0 0 0 ) (0 0 224 ) (-920 0 224 ) 
4 49 50 0 (-920 0 224 ) (-920 96 224 ) (-920 96 0 ) (-920 0 0 ) 
4 50 67 0 (-1024 0 0 ) (-920 0 0 ) (-920 0 224 ) (-1024 0 224 ) 
4 51 55 0 (0 -640 288 ) (-240 -640 288 ) (-240 -24 288 ) (0 -24 288 ) 
4 52 56 0 (-272 -640 288 ) (-960 -640 288 ) (-960 -24 288 ) (-272 -24 288 ) 
4 52 57 0 (-960 -640 288 ) (-960 -640 320 ) (-960 0 320 ) (-960 0 288 ) 
4 53 58 0 (-240 0 224 ) (0 0 224 ) (0 -24 224 ) (-240 -24 224 ) 
4 53 55 0 (-240 -24 256 ) (-240 -24 224 ) (0 -24 224 ) (0 -24 256 ) 
4 54 58 0 (-920 0 224 ) (-272 0 224 ) (-272 -24 224 ) (-920 -24 224 ) 
4 54 67 0 (-960 -24 224 ) (-960 0 224 ) (-920 0 224 ) (-920 -24 224 ) 
4 54 56 0 (-960 -24 256 ) (-960 -24 224 ) (-272 -24 224 ) (-272 -24 256 ) 
4 54 57 0 (-960 0 224 ) (-960 -24 224 ) (-960 -24 256 ) (-960 0 256 ) 
4 55 65 0 (0 -640 224 ) (-240 -640 224 ) (-240 -600 224 ) (0 -600 224 ) 
4 55 59 0 (-240 -600 224 ) (-240 -96 224 ) (0 -96 224 ) (0 -600 224 ) 
4 55 58 0 (-240 -96 224 ) (-240 -24 224 ) (0 -24 224 ) (0 -96 224 ) 
4 56 66 0 (-272 -640 224 ) (-920 -640 224 ) (-920 -600 224 ) (-272 -600 224 ) 
4 56 60 0 (-920 -600 224 ) (-920 -96 224 ) (-272 -96 224 ) (-272 -600 224 ) 
4 56 58 0 (-920 -96 224 ) (-920 -24 224 ) (-272 -24 224 ) (-272 -96 224 ) 
4 56 67 0 (-920 -640 224 ) (-960 -640 224 ) (-960 -24 224 ) (-920 -24 224 ) 
4 56 57 0 (-960 -24 224 ) (-960 -640 224 ) (-960 -640 288 ) (-960 -24 288 ) 
4 57 67 0 (-960 -640 224 ) (-1024 -640 224 ) (-1024 0 224 ) (-960 0 224 ) 
4 58 62 0 (-920 -96 72 ) (-920 -96 0 ) (-272 -96 0 ) (-272 -96 72 ) 
4 58 61 0 (-240 -96 0 ) (0 -96 0 ) (0 -96 72 ) (-240 -96 72 ) 
4 58 59 0 (-240 -96 72 ) (0 -96 72 ) (0 -96 224 ) (-240 -96 224 ) 
4 58 60 0 (-920 -96 224 ) (-920 -96 72 ) (-272 -96 72 ) (-272 -96 224 ) 
4 58 67 0 (-920 0 0 ) (-920 -96 0 ) (-920 -96 224 ) (-920 0 224 ) 
4 59 65 0 (-240 -600 72 ) (0 -600 72 ) (0 -600 224 ) (-240 -600 224 ) 
4 59 61 0 (-240 -560 72 ) (-240 -96 72 ) (0 -96 72 ) (0 -560 72 ) 
4 60 66 0 (-920 -600 224 ) (-920 -600 72 ) (-272 -600 72 ) (-272 -600 224 ) 
4 60 62 0 (-920 -560 72 ) (-920 -96 72 ) (-272 -96 72 ) (-272 -560 72 ) 
4 60 67 0 (-920 -600 72 ) (-920 -600 224 ) (-920 -96 224 ) (-920 -96 72 ) 
4 61 63 0 (-240 -560 32 ) (-240 -560 0 ) (0 -560 0 ) (0 -560 32 ) 
4 62 64 0 (-920 -560 32 ) (-920 -560 0 ) (-272 -560 0 ) (-272 -560 32 ) 
4 62 67 0 (-920 -96 0 ) (-920 -560 0 ) (-920 -560 72 ) (-920 -96 72 ) 
4 63 65 0 (-240 -600 0 ) (0 -600 0 ) (0 -600 32 ) (-240 -600 32 ) 
4 64 66 0 (-920 -600 32 ) (-920 -600 0 ) (-272 -600 0 ) (-272 -600 32 ) 
4 64 67 0 (-920 -560 0 ) (-920 -600 0 ) (-920 -600 32 ) (-920 -560 32 ) 
4 66 67 0 (-920 -600 0 ) (-920 -640 0 ) (-920 -640 224 ) (-920 -600 224 ) 
4 0 (960 0 256 ) (960 0 288 ) (960 24 288 ) (960 24 256 ) 
4 0 (960 640 320 ) (960 0 320 ) (1024 0 320 ) (1024 640 320 ) 
4 0 (1024 640 224 ) (1024 640 320 ) (1024 0 320 ) (1024 0 224 ) 
4 0 (960 640 224 ) (960 640 320 ) (1024 640 320 ) (1024 640 224 ) 
4 1 (960 24 288 ) (960 0 288 ) (272 0 288 ) (272 24 288 ) 
4 1 (960 640 288 ) (272 640 288 ) (272 640 320 ) (960 640 320 ) 
4 1 (960 640 320 ) (272 640 320 ) (272 0 320 ) (960 0 320 ) 
4 1 (272 640 320 ) (272 640 288 ) (272 0 288 ) (272 0 320 ) 
4 2 (240 24 288 ) (240 0 288 ) (0 0 288 ) (0 24 288 ) 
4 2 (240 0 320 ) (240 0 288 ) (240 640 288 ) (240 640 320 ) 
4 2 (240 640 320 ) (0 640 320 ) (0 0 320 ) (240 0 320 ) 
4 2 (240 640 288 ) (0 640 288 ) (0 640 320 ) (240 640 320 ) 
4 3 (960 24 256 ) (960 24 288 ) (272 24 288 ) (272 24 256 ) 
4 3 (272 640 224 ) (272 24 224 ) (272 24 288 ) (272 640 288 ) 
4 3 (272 640 288 ) (960 640 288 ) (960 640 224 ) (272 640 224 ) 
4 4 (240 24 256 ) (240 24 288 ) (0 24 288 ) (0 24 256 ) 
4 4 (240 640 288 ) (240 640 224 ) (0 640 224 ) (0 640 288 ) 
4 4 (240 640 288 ) (240 24 288 ) (240 24 224 ) (240 640 224 ) 
4 5 (272 24 256 ) (272 24 224 ) (272 0 224 ) (272 0 256 ) 
4 5 (960 0 256 ) (960 24 256 ) (272 24 256 ) (272 0 256 ) 
4 6 (0 0 256 ) (240 0 256 ) (240 24 256 ) (0 24 256 ) 
4 6 (240 0 224 ) (240 24 224 ) (240 24 256 ) (240 0 256 ) 
4 7 (920 560 32 ) (920 560 72 ) (920 600 72 ) (920 600 32 ) 
4 7 (1024 0 0 ) (920 0 0 ) (920 640 0 ) (1024 640 0 ) 
4 7 (1024 640 224 ) (1024 0 224 ) (1024 0 0 ) (1024 640 0 ) 
4 7 (920 640 224 ) (1024 640 224 ) (1024 640 0 ) (920 640 0 ) 
4 8 (920 560 72 ) (272 560 72 ) (272 600 72 ) (920 600 72 ) 
4 8 (272 640 72 ) (272 640 224 ) (920 640 224 ) (920 640 72 ) 
4 8 (272 640 72 ) (272 560 72 ) (272 560 224 ) (272 640 224 ) 
4 9 (240 560 72 ) (0 560 72 ) (0 600 72 ) (240 600 72 ) 
4 9 (240 640 224 ) (240 560 224 ) (240 560 72 ) (240 640 72 ) 
4 9 (240 640 72 ) (0 640 72 ) (0 640 224 ) (240 640 224 ) 
4 10 (920 600 32 ) (920 600 72 ) (272 600 72 ) (272 600 32 ) 
4 10 (272 600 0 ) (272 600 72 ) (272 640 72 ) (272 640 0 ) 
4 10 (272 640 72 ) (920 640 72 ) (920 640 0 ) (272 640 0 ) 
4 10 (272 640 0 ) (920 640 0 ) (920 600 0 ) (272 600 0 ) 
4 11 (240 600 32 ) (240 600 72 ) (0 600 72 ) (0 600 32 ) 
4 11 (0 600 0 ) (0 640 0 ) (240 640 0 ) (240 600 0 ) 
4 11 (0 640 72 ) (240 640 72 ) (240 640 0 ) (0 640 0 ) 
4 11 (240 640 0 ) (240 640 72 ) (240 600 72 ) (240 600 0 ) 
4 12 (272 600 32 ) (272 600 0 ) (272 560 0 ) (272 560 32 ) 
4 12 (272 600 0 ) (920 600 0 ) (920 560 0 ) (272 560 0 ) 
4 12 (920 600 32 ) (272 600 32 ) (272 560 32 ) (920 560 32 ) 
4 13 (0 560 0 ) (0 600 0 ) (240 600 0 ) (240 560 0 ) 
4 13 (0 560 32 ) (240 560 32 ) (240 600 32 ) (0 600 32 ) 
4 13 (240 600 0 ) (240 600 32 ) (240 560 32 ) (240 560 0 ) 
4 14 (272 560 224 ) (272 560 0 ) (272 96 0 ) (272 96 224 ) 
4 14 (272 560 0 ) (920 560 0 ) (920 96 0 ) (272 96 0 ) 
4 14 (272 560 32 ) (272 560 72 ) (920 560 72 ) (920 560 32 ) 
4 15 (240 560 32 ) (0 560 32 ) (0 560 72 ) (240 560 72 ) 
4 15 (0 96 0 ) (0 560 0 ) (240 560 0 ) (240 96 0 ) 
4 15 (240 96 224 ) (240 96 0 ) (240 560 0 ) (240 560 224 ) 
4 16 (240 96 224 ) (272 96 224 ) (272 96 0 ) (240 96 0 ) 
4 16 (272 24 224 ) (240 24 224 ) (240 0 224 ) (272 0 224 ) 
4 16 (240 96 224 ) (240 24 224 ) (272 24 224 ) (272 96 224 ) 
4 16 (920 0 0 ) (0 0 0 ) (0 96 0 ) (920 96 0 ) 
4 17 (960 -24 256 ) (960 -24 288 ) (960 0 288 ) (960 0 256 ) 
4 17 (960 -640 320 ) (1024 -640 320 ) (1024 0 320 ) (960 0 320 ) 
4 17 (1024 -640 320 ) (1024 -640 224 ) (1024 0 224 ) (1024 0 320 ) 
4 17 (1024 -640 224 ) (1024 -640 320 ) (960 -640 320 ) (960 -640 224 ) 
4 18 (272 0 288 ) (960 0 288 ) (960 -24 288 ) (272 -24 288 ) 
4 18 (960 -640 320 ) (272 -640 320 ) (272 -640 288 ) (960 -640 288 ) 
4 18 (272 -640 320 ) (960 -640 320 ) (960 0 320 ) (272 0 320 ) 
4 18 (272 0 288 ) (272 -640 288 ) (272 -640 320 ) (272 0 320 ) 
4 19 (0 0 288 ) (240 0 288 ) (240 -24 288 ) (0 -24 288 ) 
4 19 (240 0 320 ) (240 -640 320 ) (240 -640 288 ) (240 0 288 ) 
4 19 (240 -640 320 ) (240 0 320 ) (0 0 320 ) (0 -640 320 ) 
4 19 (240 -640 320 ) (0 -640 320 ) (0 -640 288 ) (240 -640 288 ) 
4 20 (272 0 224 ) (272 -24 224 ) (272 -24 256 ) (272 0 256 ) 
4 20 (960 0 256 ) (272 0 256 ) (272 -24 256 ) (960 -24 256 ) 
4 21 (0 -24 256 ) (240 -24 256 ) (240 0 256 ) (0 0 256 ) 
4 21 (240 0 256 ) (240 -24 256 ) (240 -24 224 ) (240 0 224 ) 
4 22 (272 -24 288 ) (272 -24 224 ) (272 -640 224 ) (272 -640 288 ) 
4 22 (272 -640 224 ) (960 -640 224 ) (960 -640 288 ) (272 -640 288 ) 
4 22 (272 -24 256 ) (272 -24 288 ) (960 -24 288 ) (960 -24 256 ) 
4 23 (240 -24 256 ) (0 -24 256 ) (0 -24 288 ) (240 -24 288 ) 
4 23 (0 -640 288 ) (0 -640 224 ) (240 -640 224 ) (240 -640 288 ) 
4 23 (240 -640 288 ) (240 -640 224 ) (240 -24 224 ) (240 -24 288 ) 
4 24 (920 -600 32 ) (920 -600 72 ) (920 -560 72 ) (920 -560 32 ) 
4 24 (920 0 0 ) (1024 0 0 ) (1024 -640 0 ) (920 -640 0 ) 
4 24 (1024 -640 224 ) (1024 -640 0 ) (1024 0 0 ) (1024 0 224 ) 
4 24 (920 -640 0 ) (1024 -640 0 ) (1024 -640 224 ) (920 -640 224 ) 
4 25 (240 -96 0 ) (272 -96 0 ) (272 -96 72 ) (240 -96 72 ) 
4 25 (272 -96 224 ) (240 -96 224 ) (240 -96 72 ) (272 -96 72 ) 
4 25 (272 -96 224 ) (272 -24 224 ) (240 -24 224 ) (240 -96 224 ) 
4 25 (240 -24 224 ) (272 -24 224 ) (272 0 224 ) (240 0 224 ) 
4 25 (0 -96 0 ) (0 0 0 ) (920 0 0 ) (920 -96 0 ) 
4 26 (920 -600 72 ) (272 -600 72 ) (272 -560 72 ) (920 -560 72 ) 
4 26 (272 -96 224 ) (272 -96 72 ) (272 -600 72 ) (272 -600 224 ) 
4 27 (240 -600 72 ) (0 -600 72 ) (0 -560 72 ) (240 -560 72 ) 
4 27 (240 -600 224 ) (240 -600 72 ) (240 -96 72 ) (240 -96 224 ) 
4 28 (920 -560 32 ) (920 -560 72 ) (272 -560 72 ) (272 -560 32 ) 
4 28 (272 -560 0 ) (272 -560 72 ) (272 -96 72 ) (272 -96 0 ) 
4 28 (272 -96 0 ) (920 -96 0 ) (920 -560 0 ) (272 -560 0 ) 
4 29 (240 -560 32 ) (240 -560 72 ) (0 -560 72 ) (0 -560 32 ) 
4 29 (0 -560 0 ) (0 -96 0 ) (240 -96 0 ) (240 -560 0 ) 
4 29 (240 -96 0 ) (240 -96 72 ) (240 -560 72 ) (240 -560 0 ) 
4 30 (272 -560 32 ) (272 -560 0 ) (272 -600 0 ) (272 -600 32 ) 
4 30 (272 -560 0 ) (920 -560 0 ) (920 -600 0 ) (272 -600 0 ) 
4 30 (920 -560 32 ) (272 -560 32 ) (272 -600 32 ) (920 -600 32 ) 
4 31 (0 -600 0 ) (0 -560 0 ) (240 -560 0 ) (240 -600 0 ) 
4 31 (0 -600 32 ) (240 -600 32 ) (240 -560 32 ) (0 -560 32 ) 
4 31 (240 -560 0 ) (240 -560 32 ) (240 -600 32 ) (240 -600 0 ) 
4 32 (272 -600 224 ) (272 -600 0 ) (272 -640 0 ) (272 -640 224 ) 
4 32 (272 -640 0 ) (920 -640 0 ) (920 -640 224 ) (272 -640 224 ) 
4 32 (272 -600 0 ) (920 -600 0 ) (920 -640 0 ) (272 -640 0 ) 
4 32 (272 -600 32 ) (272 -600 72 ) (920 -600 72 ) (920 -600 32 ) 
4 33 (240 -600 32 ) (0 -600 32 ) (0 -600 72 ) (240 -600 72 ) 
4 33 (0 -640 0 ) (0 -600 0 ) (240 -600 0 ) (240 -640 0 ) 
4 33 (0 -640 0 ) (240 -640 0 ) (240 -640 224 ) (0 -640 224 ) 
4 33 (240 -640 224 ) (240 -640 0 ) (240 -600 0 ) (240 -600 224 ) 
4 34 (0 0 288 ) (-240 0 288 ) (-240 24 288 ) (0 24 288 ) 
4 34 (0 640 288 ) (-240 640 288 ) (-240 640 320 ) (0 640 320 ) 
4 34 (0 640 320 ) (-240 640 320 ) (-240 0 320 ) (0 0 320 ) 
4 34 (-240 640 320 ) (-240 640 288 ) (-240 0 288 ) (-240 0 320 ) 
4 35 (-272 0 288 ) (-960 0 288 ) (-960 24 288 ) (-272 24 288 ) 
4 35 (-272 0 320 ) (-272 0 288 ) (-272 640 288 ) (-272 640 320 ) 
4 35 (-272 640 320 ) (-960 640 320 ) (-960 0 320 ) (-272 0 320 ) 
4 35 (-272 640 288 ) (-960 640 288 ) (-960 640 320 ) (-272 640 320 ) 
4 36 (0 24 288 ) (-240 24 288 ) (-240 24 256 ) (0 24 256 ) 
4 36 (-240 640 224 ) (-240 24 224 ) (-240 24 288 ) (-240 640 288 ) 
4 36 (-240 640 288 ) (0 640 288 ) (0 640 224 ) (-240 640 224 ) 
4 37 (-272 24 288 ) (-960 24 288 ) (-960 24 256 ) (-272 24 256 ) 
4 37 (-272 640 288 ) (-272 640 224 ) (-960 640 224 ) (-960 640 288 ) 
4 37 (-272 640 288 ) (-272 24 288 ) (-272 24 224 ) (-272 640 224 ) 
4 38 (-240 24 256 ) (-240 24 224 ) (-240 0 224 ) (-240 0 256 ) 
4 38 (0 24 256 ) (-240 24 256 ) (-240 0 256 ) (0 0 256 ) 
4 39 (-272 0 256 ) (-272 24 256 ) (-960 24 256 ) (-960 0 256 ) 
4 39 (-272 0 224 ) (-272 24 224 ) (-272 24 256 ) (-272 0 256 ) 
4 40 (-960 24 256 ) (-960 24 288 ) (-960 0 288 ) (-960 0 256 ) 
4 40 (-960 640 320 ) (-1024 640 320 ) (-1024 0 320 ) (-960 0 320 ) 
4 40 (-1024 0 224 ) (-1024 0 320 ) (-1024 640 320 ) (-1024 640 224 ) 
4 40 (-960 640 224 ) (-1024 640 224 ) (-1024 640 320 ) (-960 640 320 ) 
4 41 (0 560 72 ) (-240 560 72 ) (-240 600 72 ) (0 600 72 ) 
4 41 (-240 640 72 ) (-240 640 224 ) (0 640 224 ) (0 640 72 ) 
4 41 (-240 640 72 ) (-240 560 72 ) (-240 560 224 ) (-240 640 224 ) 
4 42 (-272 560 72 ) (-920 560 72 ) (-920 600 72 ) (-272 600 72 ) 
4 42 (-272 640 224 ) (-272 560 224 ) (-272 560 72 ) (-272 640 72 ) 
4 42 (-272 640 72 ) (-920 640 72 ) (-920 640 224 ) (-272 640 224 ) 
4 43 (0 600 72 ) (-240 600 72 ) (-240 600 32 ) (0 600 32 ) 
4 43 (-240 600 0 ) (-240 600 72 ) (-240 640 72 ) (-240 640 0 ) 
4 43 (-240 640 72 ) (0 640 72 ) (0 640 0 ) (-240 640 0 ) 
4 43 (-240 640 0 ) (0 640 0 ) (0 600 0 ) (-240 600 0 ) 
4 44 (-272 600 72 ) (-920 600 72 ) (-920 600 32 ) (-272 600 32 ) 
4 44 (-920 600 0 ) (-920 640 0 ) (-272 640 0 ) (-272 600 0 ) 
4 44 (-920 640 72 ) (-272 640 72 ) (-272 640 0 ) (-920 640 0 ) 
4 44 (-272 640 0 ) (-272 640 72 ) (-272 600 72 ) (-272 600 0 ) 
4 45 (-240 600 32 ) (-240 600 0 ) (-240 560 0 ) (-240 560 32 ) 
4 45 (-240 600 0 ) (0 600 0 ) (0 560 0 ) (-240 560 0 ) 
4 45 (0 600 32 ) (-240 600 32 ) (-240 560 32 ) (0 560 32 ) 
4 46 (-920 560 0 ) (-920 600 0 ) (-272 600 0 ) (-272 560 0 ) 
4 46 (-920 560 32 ) (-272 560 32 ) (-272 600 32 ) (-920 600 32 ) 
4 46 (-272 600 0 ) (-272 600 32 ) (-272 560 32 ) (-272 560 0 ) 
4 47 (-240 560 224 ) (-240 560 0 ) (-240 96 0 ) (-240 96 224 ) 
4 47 (-240 560 0 ) (0 560 0 ) (0 96 0 ) (-240 96 0 ) 
4 47 (-240 560 32 ) (-240 560 72 ) (0 560 72 ) (0 560 32 ) 
4 48 (-272 560 72 ) (-272 560 32 ) (-920 560 32 ) (-920 560 72 ) 
4 48 (-920 96 0 ) (-920 560 0 ) (-272 560 0 ) (-272 96 0 ) 
4 48 (-272 96 224 ) (-272 96 0 ) (-272 560 0 ) (-272 560 224 ) 
4 49 (-272 96 224 ) (-240 96 224 ) (-240 96 0 ) (-272 96 0 ) 
4 49 (-240 24 224 ) (-272 24 224 ) (-272 0 224 ) (-240 0 224 ) 
4 49 (-272 96 224 ) (-272 24 224 ) (-240 24 224 ) (-240 96 224 ) 
4 49 (0 0 0 ) (-920 0 0 ) (-920 96 0 ) (0 96 0 ) 
4 50 (-920 600 32 ) (-920 600 72 ) (-920 560 72 ) (-920 560 32 ) 
4 50 (-920 0 0 ) (-1024 0 0 ) (-1024 640 0 ) (-920 640 0 ) 
4 50 (-1024 640 0 ) (-1024 0 0 ) (-1024 0 224 ) (-1024 640 224 ) 
4 50 (-920 640 224 ) (-920 640 0 ) (-1024 640 0 ) (-1024 640 224 ) 
4 51 (-240 -24 288 ) (-240 0 288 ) (0 0 288 ) (0 -24 288 ) 
4 51 (0 -640 320 ) (-240 -640 320 ) (-240 -640 288 ) (0 -640 288 ) 
4 51 (-240 -640 320 ) (0 -640 320 ) (0 0 320 ) (-240 0 320 ) 
4 51 (-240 0 288 ) (-240 -640 288 ) (-240 -640 320 ) (-240 0 320 ) 
4 52 (-960 -24 288 ) (-960 0 288 ) (-272 0 288 ) (-272 -24 288 ) 
4 52 (-272 0 320 ) (-272 -640 320 ) (-272 -640 288 ) (-272 0 288 ) 
4 52 (-960 -640 320 ) (-272 -640 320 ) (-272 0 320 ) (-960 0 320 ) 
4 52 (-272 -640 320 ) (-960 -640 320 ) (-960 -640 288 ) (-272 -640 288 ) 
4 53 (-240 0 224 ) (-240 -24 224 ) (-240 -24 256 ) (-240 0 256 ) 
4 53 (0 0 256 ) (-240 0 256 ) (-240 -24 256 ) (0 -24 256 ) 
4 54 (-272 0 256 ) (-960 0 256 ) (-960 -24 256 ) (-272 -24 256 ) 
4 54 (-272 0 256 ) (-272 -24 256 ) (-272 -24 224 ) (-272 0 224 ) 
4 55 (-240 -24 288 ) (-240 -24 224 ) (-240 -640 224 ) (-240 -640 288 ) 
4 55 (-240 -640 224 ) (0 -640 224 ) (0 -640 288 ) (-240 -640 288 ) 
4 55 (0 -24 256 ) (-240 -24 256 ) (-240 -24 288 ) (0 -24 288 ) 
4 56 (-272 -24 256 ) (-960 -24 256 ) (-960 -24 288 ) (-272 -24 288 ) 
4 56 (-960 -640 288 ) (-960 -640 224 ) (-272 -640 224 ) (-272 -640 288 ) 
4 56 (-272 -640 288 ) (-272 -640 224 ) (-272 -24 224 ) (-272 -24 288 ) 
4 57 (-960 0 256 ) (-960 0 288 ) (-960 -24 288 ) (-960 -24 256 ) 
4 57 (-960 -640 320 ) (-960 0 320 ) (-1024 0 320 ) (-1024 -640 320 ) 
4 57 (-1024 0 320 ) (-1024 0 224 ) (-1024 -640 224 ) (-1024 -640 320 ) 
4 57 (-960 -640 320 ) (-1024 -640 320 ) (-1024 -640 224 ) (-960 -640 224 ) 
4 58 (-272 -96 0 ) (-240 -96 0 ) (-240 -96 72 ) (-272 -96 72 ) 
4 58 (-272 -96 72 ) (-240 -96 72 ) (-240 -96 224 ) (-272 -96 224 ) 
4 58 (-240 -96 224 ) (-240 -24 224 ) (-272 -24 224 ) (-272 -96 224 ) 
4 58 (-272 -24 224 ) (-240 -24 224 ) (-240 0 224 ) (-272 0 224 ) 
4 58 (-920 0 0 ) (0 0 0 ) (0 -96 0 ) (-920 -96 0 ) 
4 59 (0 -600 72 ) (-240 -600 72 ) (-240 -560 72 ) (0 -560 72 ) 
4 59 (-240 -96 224 ) (-240 -96 72 ) (-240 -600 72 ) (-240 -600 224 ) 
4 60 (-272 -600 72 ) (-920 -600 72 ) (-920 -560 72 ) (-272 -560 72 ) 
4 60 (-272 -600 224 ) (-272 -600 72 ) (-272 -96 72 ) (-272 -96 224 ) 
4 61 (0 -560 72 ) (-240 -560 72 ) (-240 -560 32 ) (0 -560 32 ) 
4 61 (-240 -560 0 ) (-240 -560 72 ) (-240 -96 72 ) (-240 -96 0 ) 
4 61 (0 -96 0 ) (0 -560 0 ) (-240 -560 0 ) (-240 -96 0 ) 
4 62 (-272 -560 72 ) (-920 -560 72 ) (-920 -560 32 ) (-272 -560 32 ) 
4 62 (-272 -560 0 ) (-920 -560 0 ) (-920 -96 0 ) (-272 -96 0 ) 
4 62 (-272 -96 0 ) (-272 -96 72 ) (-272 -560 72 ) (-272 -560 0 ) 
4 63 (-240 -560 32 ) (-240 -560 0 ) (-240 -600 0 ) (-240 -600 32 ) 
4 63 (0 -560 0 ) (0 -600 0 ) (-240 -600 0 ) (-240 -560 0 ) 
4 63 (0 -560 32 ) (-240 -560 32 ) (-240 -600 32 ) (0 -600 32 ) 
4 64 (-272 -600 0 ) (-920 -600 0 ) (-920 -560 0 ) (-272 -560 0 ) 
4 64 (-920 -600 32 ) (-272 -600 32 ) (-272 -560 32 ) (-920 -560 32 ) 
4 64 (-272 -560 0 ) (-272 -560 32 ) (-272 -600 32 ) (-272 -600 0 ) 
4 65 (-240 -600 224 ) (-240 -600 0 ) (-240 -640 0 ) (-240 -640 224 ) 
4 65 (-240 -640 0 ) (0 -640 0 ) (0 -640 224 ) (-240 -640 224 ) 
4 65 (0 -600 0 ) (0 -640 0 ) (-240 -640 0 ) (-240 -600 0 ) 
4 65 (-240 -600 32 ) (-240 -600 72 ) (0 -600 72 ) (0 -600 32 ) 
4 66 (-272 -600 72 ) (-272 -600 32 ) (-920 -600 32 ) (-920 -600 72 ) 
4 66 (-272 -640 0 ) (-920 -640 0 ) (-920 -600 0 ) (-272 -600 0 ) 
4 66 (-920 -640 0 ) (-272 -640 0 ) (-272 -640 224 ) (-920 -640 224 ) 
4 66 (-272 -640 224 ) (-272 -640 0 ) (-272 -600 0 ) (-272 -600 224 ) 
4 67 (-920 -560 32 ) (-920 -560 72 ) (-920 -600 72 ) (-920 -600 32 ) 
4 67 (-1024 0 0 ) (-920 0 0 ) (-920 -640 0 ) (-1024 -640 0 ) 
4 67 (-1024 0 224 ) (-1024 0 0 ) (-1024 -640 0 ) (-1024 -640 224 ) 
4 67 (-1024 -640 224 ) (-1024 -640 0 ) (-920 -640 0 ) (-920 -640 224 ) 
