PRT1
60
180
159
4 0 7 0 (1040 0 0 ) (1152 0 0 ) (1152 0 320 ) (1040 0 320 ) 
4 0 6 0 (1040 20 0 ) (1040 0 0 ) (1040 0 256 ) (1040 20 256 ) 
4 0 5 0 (1040 260 0 ) (1040 20 0 ) (1040 20 292 ) (1040 260 292 ) 
4 0 4 0 (1040 0 292 ) (1040 0 320 ) (1040 260 320 ) (1040 260 292 ) 
4 0 3 0 (1040 300 0 ) (1040 260 0 ) (1040 260 32 ) (1040 300 32 ) 
4 0 2 0 (1040 896 0 ) (1040 300 0 ) (1040 300 64 ) (1040 896 64 ) 
4 0 1 0 (1040 260 64 ) (1040 260 320 ) (1040 896 320 ) (1040 896 64 ) 
4 1 14 0 (1024 260 320 ) (1024 896 320 ) (1024 896 64 ) (1024 260 64 ) 
4 1 5 0 (1040 260 64 ) (1040 260 292 ) (1024 260 292 ) (1024 260 64 ) 
4 1 4 0 (1040 260 292 ) (1040 260 320 ) (1024 260 320 ) (1024 260 292 ) 
4 1 2 0 (1024 300 64 ) (1024 896 64 ) (1040 896 64 ) (1040 300 64 ) 
4 2 15 0 (1024 896 64 ) (1024 896 0 ) (1024 300 0 ) (1024 300 64 ) 
4 2 3 0 (1024 300 0 ) (1040 300 0 ) (1040 300 32 ) (1024 300 32 ) 
4 3 16 0 (1024 300 0 ) (1024 260 0 ) (1024 260 32 ) (1024 300 32 ) 
4 3 5 0 (1024 260 0 ) (1040 260 0 ) (1040 260 32 ) (1024 260 32 ) 
4 4 18 0 (1024 0 292 ) (1024 0 320 ) (1024 20 320 ) (1024 20 292 ) 
4 4 17 0 (1024 20 320 ) (1024 260 320 ) (1024 260 292 ) (1024 20 292 ) 
4 4 8 0 (1024 0 320 ) (1024 0 292 ) (1040 0 292 ) (1040 0 320 ) 
4 4 5 0 (1024 260 292 ) (1040 260 292 ) (1040 20 292 ) (1024 20 292 ) 
4 5 20 0 (1024 260 220 ) (1024 260 0 ) (1024 20 0 ) (1024 20 220 ) 
4 5 17 0 (1024 20 292 ) (1024 260 292 ) (1024 260 220 ) (1024 20 220 ) 
4 5 6 0 (1024 20 0 ) (1040 20 0 ) (1040 20 256 ) (1024 20 256 ) 
4 6 20 0 (1024 0 0 ) (1024 0 220 ) (1024 20 220 ) (1024 20 0 ) 
4 6 19 0 (1024 0 220 ) (1024 0 256 ) (1024 20 256 ) (1024 20 220 ) 
4 6 10 0 (1024 0 256 ) (1024 0 0 ) (1040 0 0 ) (1040 0 256 ) 
4 7 12 0 (1040 -260 0 ) (1040 -300 0 ) (1040 -300 32 ) (1040 -260 32 ) 
4 7 11 0 (1040 -300 64 ) (1040 -300 292 ) (1040 -260 292 ) (1040 -260 64 ) 
4 7 9 0 (1040 -260 256 ) (1040 -260 292 ) (1040 -20 292 ) (1040 -20 256 ) 
4 7 10 0 (1040 0 0 ) (1040 -260 0 ) (1040 -260 256 ) (1040 0 256 ) 
4 7 8 0 (1040 -300 292 ) (1040 -300 320 ) (1040 0 320 ) (1040 0 292 ) 
4 7 13 0 (1040 -300 0 ) (1040 -896 0 ) (1040 -896 320 ) (1040 -300 320 ) 
4 8 22 0 (1024 -20 320 ) (1024 0 320 ) (1024 0 292 ) (1024 -20 292 ) 
4 8 24 0 (1024 -300 320 ) (1024 -20 320 ) (1024 -20 292 ) (1024 -300 292 ) 
4 8 11 0 (1040 -300 292 ) (1024 -300 292 ) (1024 -260 292 ) (1040 -260 292 ) 
4 8 9 0 (1024 -260 292 ) (1024 -20 292 ) (1040 -20 292 ) (1040 -260 292 ) 
4 8 13 0 (1040 -300 292 ) (1040 -300 320 ) (1024 -300 320 ) (1024 -300 292 ) 
4 9 24 0 (1024 -20 256 ) (1024 -260 256 ) (1024 -260 292 ) (1024 -20 292 ) 
4 9 11 0 (1040 -260 256 ) (1040 -260 292 ) (1024 -260 292 ) (1024 -260 256 ) 
4 9 10 0 (1040 -260 256 ) (1024 -260 256 ) (1024 -20 256 ) (1040 -20 256 ) 
4 10 25 0 (1024 0 220 ) (1024 0 0 ) (1024 -120 0 ) (1024 -120 220 ) 
4 10 26 0 (1024 -120 0 ) (1024 -260 0 ) (1024 -260 220 ) (1024 -120 220 ) 
4 10 23 0 (1024 0 256 ) (1024 0 220 ) (1024 -20 220 ) (1024 -20 256 ) 
4 10 24 0 (1024 -20 220 ) (1024 -260 220 ) (1024 -260 256 ) (1024 -20 256 ) 
4 10 12 0 (1024 -260 0 ) (1040 -260 0 ) (1040 -260 32 ) (1024 -260 32 ) 
4 10 11 0 (1040 -260 64 ) (1040 -260 256 ) (1024 -260 256 ) (1024 -260 64 ) 
4 11 27 0 (1024 -300 64 ) (1024 -300 220 ) (1024 -260 220 ) (1024 -260 64 ) 
4 11 24 0 (1024 -300 220 ) (1024 -300 292 ) (1024 -260 292 ) (1024 -260 220 ) 
4 11 13 0 (1040 -300 64 ) (1040 -300 292 ) (1024 -300 292 ) (1024 -300 64 ) 
4 12 28 0 (1024 -260 0 ) (1024 -300 0 ) (1024 -300 32 ) (1024 -260 32 ) 
4 12 13 0 (1024 -300 0 ) (1040 -300 0 ) (1040 -300 32 ) (1024 -300 32 ) 
4 13 29 0 (1024 -896 320 ) (1024 -300 320 ) (1024 -300 0 ) (1024 -896 0 ) 
4 14 33 0 (0 260 64 ) (0 260 220 ) (0 896 220 ) (0 896 64 ) 
4 14 32 0 (0 260 220 ) (0 260 256 ) (0 896 256 ) (0 896 220 ) 
4 14 30 0 (0 260 256 ) (0 260 320 ) (0 896 320 ) (0 896 256 ) 
4 14 21 0 (200 260 220 ) (0 260 220 ) (0 260 64 ) (200 260 64 ) 
4 14 20 0 (1024 260 64 ) (1024 260 220 ) (200 260 220 ) (200 260 64 ) 
4 14 17 0 (1024 260 220 ) (1024 260 320 ) (0 260 320 ) (0 260 220 ) 
4 14 15 0 (0 300 64 ) (0 896 64 ) (1024 896 64 ) (1024 300 64 ) 
4 15 34 0 (0 896 0 ) (0 300 0 ) (0 300 64 ) (0 896 64 ) 
4 15 16 0 (0 300 0 ) (1024 300 0 ) (1024 300 32 ) (0 300 32 ) 
4 16 35 0 (0 300 0 ) (0 260 0 ) (0 260 32 ) (0 300 32 ) 
4 16 21 0 (0 260 0 ) (200 260 0 ) (200 260 32 ) (0 260 32 ) 
4 16 20 0 (200 260 0 ) (1024 260 0 ) (1024 260 32 ) (200 260 32 ) 
4 17 32 0 (0 260 256 ) (0 260 220 ) (0 20 220 ) (0 20 256 ) 
4 17 30 0 (0 20 320 ) (0 260 320 ) (0 260 256 ) (0 20 256 ) 
4 17 21 0 (0 120 220 ) (0 260 220 ) (200 260 220 ) (200 120 220 ) 
4 17 20 0 (200 260 220 ) (1024 260 220 ) (1024 20 220 ) (200 20 220 ) 
4 17 19 0 (0 20 220 ) (1024 20 220 ) (1024 20 256 ) (0 20 256 ) 
4 17 18 0 (1024 20 292 ) (1024 20 320 ) (0 20 320 ) (0 20 292 ) 
4 18 31 0 (0 0 292 ) (0 0 320 ) (0 20 320 ) (0 20 292 ) 
4 18 22 0 (0 0 320 ) (0 0 292 ) (1024 0 292 ) (1024 0 320 ) 
4 19 32 0 (0 0 220 ) (0 0 256 ) (0 20 256 ) (0 20 220 ) 
4 19 23 0 (0 0 256 ) (0 0 220 ) (1024 0 220 ) (1024 0 256 ) 
4 19 20 0 (1024 0 220 ) (200 0 220 ) (200 20 220 ) (1024 20 220 ) 
4 20 25 0 (200 0 0 ) (1024 0 0 ) (1024 0 220 ) (200 0 220 ) 
4 20 21 0 (200 120 220 ) (200 260 220 ) (200 260 0 ) (200 120 0 ) 
4 21 36 0 (0 260 0 ) (0 120 0 ) (0 120 220 ) (0 260 220 ) 
4 22 38 0 (0 0 320 ) (0 0 292 ) (0 -20 292 ) (0 -20 320 ) 
4 22 24 0 (1024 -20 292 ) (1024 -20 320 ) (0 -20 320 ) (0 -20 292 ) 
4 23 40 0 (0 0 256 ) (0 0 220 ) (0 -20 220 ) (0 -20 256 ) 
4 23 25 0 (200 0 220 ) (1024 0 220 ) (1024 -20 220 ) (200 -20 220 ) 
4 23 24 0 (0 -20 220 ) (1024 -20 220 ) (1024 -20 256 ) (0 -20 256 ) 
4 24 40 0 (0 -20 220 ) (0 -300 220 ) (0 -300 256 ) (0 -20 256 ) 
4 24 39 0 (0 -300 256 ) (0 -300 320 ) (0 -20 320 ) (0 -20 256 ) 
4 24 27 0 (1024 -300 220 ) (0 -300 220 ) (0 -260 220 ) (1024 -260 220 ) 
4 24 25 0 (200 -20 220 ) (1024 -20 220 ) (1024 -120 220 ) (200 -120 220 ) 
4 24 26 0 (0 -260 220 ) (0 -120 220 ) (1024 -120 220 ) (1024 -260 220 ) 
4 24 29 0 (1024 -300 220 ) (1024 -300 320 ) (0 -300 320 ) (0 -300 220 ) 
4 25 26 0 (200 -120 0 ) (1024 -120 0 ) (1024 -120 220 ) (200 -120 220 ) 
4 26 42 0 (0 -120 0 ) (0 -260 0 ) (0 -260 220 ) (0 -120 220 ) 
4 26 28 0 (0 -260 0 ) (1024 -260 0 ) (1024 -260 32 ) (0 -260 32 ) 
4 26 27 0 (1024 -260 64 ) (1024 -260 220 ) (0 -260 220 ) (0 -260 64 ) 
4 27 43 0 (0 -300 64 ) (0 -300 220 ) (0 -260 220 ) (0 -260 64 ) 
4 27 29 0 (1024 -300 64 ) (1024 -300 220 ) (0 -300 220 ) (0 -300 64 ) 
4 28 44 0 (0 -260 0 ) (0 -300 0 ) (0 -300 32 ) (0 -260 32 ) 
4 28 29 0 (0 -300 0 ) (1024 -300 0 ) (1024 -300 32 ) (0 -300 32 ) 
4 29 45 0 (0 -300 0 ) (0 -896 0 ) (0 -896 220 ) (0 -300 220 ) 
4 29 40 0 (0 -896 220 ) (0 -896 256 ) (0 -300 256 ) (0 -300 220 ) 
4 29 39 0 (0 -896 256 ) (0 -896 320 ) (0 -300 320 ) (0 -300 256 ) 
4 30 50 0 (-1024 260 292 ) (-1024 260 256 ) (-1024 20 256 ) (-1024 20 292 ) 
4 30 49 0 (-1024 20 320 ) (-1024 260 320 ) (-1024 260 292 ) (-1024 20 292 ) 
4 30 46 0 (-1024 260 320 ) (-1024 896 320 ) (-1024 896 256 ) (-1024 260 256 ) 
4 30 32 0 (-1024 20 256 ) (-1024 896 256 ) (0 896 256 ) (0 20 256 ) 
4 30 31 0 (0 20 292 ) (0 20 320 ) (-1024 20 320 ) (-1024 20 292 ) 
4 31 49 0 (-1024 0 292 ) (-1024 0 320 ) (-1024 20 320 ) (-1024 20 292 ) 
4 31 38 0 (-1024 0 320 ) (-1024 0 292 ) (0 0 292 ) (0 0 320 ) 
4 32 51 0 (-1024 0 220 ) (-1024 0 256 ) (-1024 20 256 ) (-1024 20 220 ) 
4 32 50 0 (-1024 20 256 ) (-1024 260 256 ) (-1024 260 220 ) (-1024 20 220 ) 
4 32 46 0 (-1024 260 256 ) (-1024 896 256 ) (-1024 896 220 ) (-1024 260 220 ) 
4 32 40 0 (-1024 0 256 ) (-1024 0 220 ) (0 0 220 ) (0 0 256 ) 
4 32 37 0 (-200 0 220 ) (-1024 0 220 ) (-1024 120 220 ) (-200 120 220 ) 
4 32 36 0 (-1024 120 220 ) (-1024 260 220 ) (0 260 220 ) (0 120 220 ) 
4 32 33 0 (-1024 260 220 ) (-1024 896 220 ) (0 896 220 ) (0 260 220 ) 
4 33 46 0 (-1024 260 220 ) (-1024 896 220 ) (-1024 896 64 ) (-1024 260 64 ) 
4 33 36 0 (0 260 64 ) (0 260 220 ) (-1024 260 220 ) (-1024 260 64 ) 
4 33 34 0 (-1024 300 64 ) (-1024 896 64 ) (0 896 64 ) (0 300 64 ) 
4 34 47 0 (-1024 896 64 ) (-1024 896 0 ) (-1024 300 0 ) (-1024 300 64 ) 
4 34 35 0 (-1024 300 0 ) (0 300 0 ) (0 300 32 ) (-1024 300 32 ) 
4 35 48 0 (-1024 300 0 ) (-1024 260 0 ) (-1024 260 32 ) (-1024 300 32 ) 
4 35 36 0 (-1024 260 0 ) (0 260 0 ) (0 260 32 ) (-1024 260 32 ) 
4 36 50 0 (-1024 120 220 ) (-1024 260 220 ) (-1024 260 0 ) (-1024 120 0 ) 
4 36 37 0 (-1024 120 0 ) (-200 120 0 ) (-200 120 220 ) (-1024 120 220 ) 
4 37 51 0 (-1024 0 0 ) (-1024 0 220 ) (-1024 20 220 ) (-1024 20 0 ) 
4 37 50 0 (-1024 20 220 ) (-1024 120 220 ) (-1024 120 0 ) (-1024 20 0 ) 
4 37 41 0 (-1024 0 220 ) (-1024 0 0 ) (-200 0 0 ) (-200 0 220 ) 
4 38 53 0 (-1024 -20 320 ) (-1024 0 320 ) (-1024 0 292 ) (-1024 -20 292 ) 
4 38 39 0 (0 -20 292 ) (0 -20 320 ) (-1024 -20 320 ) (-1024 -20 292 ) 
4 39 56 0 (-1024 -260 256 ) (-1024 -300 256 ) (-1024 -300 292 ) (-1024 -260 292 ) 
4 39 54 0 (-1024 -20 292 ) (-1024 -20 256 ) (-1024 -260 256 ) (-1024 -260 292 ) 
4 39 53 0 (-1024 -300 320 ) (-1024 -20 320 ) (-1024 -20 292 ) (-1024 -300 292 ) 
4 39 58 0 (-1024 -896 256 ) (-1024 -896 320 ) (-1024 -300 320 ) (-1024 -300 256 ) 
4 39 40 0 (0 -896 256 ) (-1024 -896 256 ) (-1024 -20 256 ) (0 -20 256 ) 
4 40 56 0 (-1024 -300 256 ) (-1024 -260 256 ) (-1024 -260 220 ) (-1024 -300 220 ) 
4 40 55 0 (-1024 -260 256 ) (-1024 0 256 ) (-1024 0 220 ) (-1024 -260 220 ) 
4 40 58 0 (-1024 -896 220 ) (-1024 -896 256 ) (-1024 -300 256 ) (-1024 -300 220 ) 
4 40 43 0 (-1024 -300 220 ) (-1024 -260 220 ) (0 -260 220 ) (0 -300 220 ) 
4 40 42 0 (-1024 -260 220 ) (-1024 -120 220 ) (0 -120 220 ) (0 -260 220 ) 
4 40 41 0 (-1024 -120 220 ) (-1024 0 220 ) (-200 0 220 ) (-200 -120 220 ) 
4 40 45 0 (0 -896 220 ) (-1024 -896 220 ) (-1024 -300 220 ) (0 -300 220 ) 
4 41 55 0 (-1024 -120 220 ) (-1024 0 220 ) (-1024 0 0 ) (-1024 -120 0 ) 
4 41 42 0 (-1024 -120 0 ) (-200 -120 0 ) (-200 -120 220 ) (-1024 -120 220 ) 
4 42 55 0 (-1024 -260 220 ) (-1024 -120 220 ) (-1024 -120 0 ) (-1024 -260 0 ) 
4 42 44 0 (-1024 -260 0 ) (0 -260 0 ) (0 -260 32 ) (-1024 -260 32 ) 
4 42 43 0 (0 -260 64 ) (0 -260 220 ) (-1024 -260 220 ) (-1024 -260 64 ) 
4 43 56 0 (-1024 -300 220 ) (-1024 -260 220 ) (-1024 -260 64 ) (-1024 -300 64 ) 
4 43 45 0 (0 -300 64 ) (0 -300 220 ) (-1024 -300 220 ) (-1024 -300 64 ) 
4 44 57 0 (-1024 -260 32 ) (-1024 -260 0 ) (-1024 -300 0 ) (-1024 -300 32 ) 
4 44 45 0 (-1024 -300 0 ) (0 -300 0 ) (0 -300 32 ) (-1024 -300 32 ) 
4 45 58 0 (-1024 -896 0 ) (-1024 -896 220 ) (-1024 -300 220 ) (-1024 -300 0 ) 
4 46 52 0 (-1040 260 64 ) (-1040 260 320 ) (-1040 896 320 ) (-1040 896 64 ) 
4 46 50 0 (-1040 260 292 ) (-1040 260 64 ) (-1024 260 64 ) (-1024 260 292 ) 
4 46 49 0 (-1040 260 320 ) (-1040 260 292 ) (-1024 260 292 ) (-1024 260 320 ) 
4 46 47 0 (-1040 300 64 ) (-1040 896 64 ) (-1024 896 64 ) (-1024 300 64 ) 
4 47 52 0 (-1040 896 0 ) (-1040 300 0 ) (-1040 300 64 ) (-1040 896 64 ) 
4 47 48 0 (-1040 300 32 ) (-1040 300 0 ) (-1024 300 0 ) (-1024 300 32 ) 
4 48 52 0 (-1040 300 0 ) (-1040 260 0 ) (-1040 260 32 ) (-1040 300 32 ) 
4 48 50 0 (-1040 260 32 ) (-1040 260 0 ) (-1024 260 0 ) (-1024 260 32 ) 
4 49 53 0 (-1024 0 292 ) (-1024 0 320 ) (-1040 0 320 ) (-1040 0 292 ) 
4 49 52 0 (-1040 0 292 ) (-1040 0 320 ) (-1040 260 320 ) (-1040 260 292 ) 
4 49 50 0 (-1040 20 292 ) (-1040 260 292 ) (-1024 260 292 ) (-1024 20 292 ) 
4 50 52 0 (-1040 260 0 ) (-1040 20 0 ) (-1040 20 292 ) (-1040 260 292 ) 
4 50 51 0 (-1040 20 256 ) (-1040 20 0 ) (-1024 20 0 ) (-1024 20 256 ) 
4 51 55 0 (-1040 0 0 ) (-1024 0 0 ) (-1024 0 256 ) (-1040 0 256 ) 
4 51 52 0 (-1040 20 0 ) (-1040 0 0 ) (-1040 0 256 ) (-1040 20 256 ) 
4 52 59 0 (-1152 0 0 ) (-1040 0 0 ) (-1040 0 320 ) (-1152 0 320 ) 
4 53 59 0 (-1040 -300 292 ) (-1040 -300 320 ) (-1040 0 320 ) (-1040 0 292 ) 
4 53 56 0 (-1024 -300 292 ) (-1040 -300 292 ) (-1040 -260 292 ) (-1024 -260 292 ) 
4 53 54 0 (-1040 -260 292 ) (-1040 -20 292 ) (-1024 -20 292 ) (-1024 -260 292 ) 
4 53 58 0 (-1040 -300 320 ) (-1040 -300 292 ) (-1024 -300 292 ) (-1024 -300 320 ) 
4 54 59 0 (-1040 -260 256 ) (-1040 -260 292 ) (-1040 -20 292 ) (-1040 -20 256 ) 
4 54 56 0 (-1024 -260 292 ) (-1040 -260 292 ) (-1040 -260 256 ) (-1024 -260 256 ) 
4 54 55 0 (-1024 -260 256 ) (-1040 -260 256 ) (-1040 -20 256 ) (-1024 -20 256 ) 
4 55 59 0 (-1040 0 0 ) (-1040 -260 0 ) (-1040 -260 256 ) (-1040 0 256 ) 
4 55 57 0 (-1040 -260 32 ) (-1040 -260 0 ) (-1024 -260 0 ) (-1024 -260 32 ) 
4 55 56 0 (-1040 -260 256 ) (-1040 -260 64 ) (-1024 -260 64 ) (-1024 -260 256 ) 
4 56 59 0 (-1040 -300 64 ) (-1040 -300 292 ) (-1040 -260 292 ) (-1040 -260 64 ) 
4 56 58 0 (-1040 -300 292 ) (-1040 -300 64 ) (-1024 -300 64 ) (-1024 -300 292 ) 
4 57 59 0 (-1040 -260 0 ) (-1040 -300 0 ) (-1040 -300 32 ) (-1040 -260 32 ) 
4 57 58 0 (-1040 -300 32 ) (-1040 -300 0 ) (-1024 -300 0 ) (-1024 -300 32 ) 
4 58 59 0 (-1040 -300 0 ) (-1040 -896 0 ) (-1040 -896 320 ) (-1040 -300 320 ) 
4 0 (1040 0 256 ) (1040 0 292 ) (1040 20 292 ) (1040 20 256 ) 
4 0 (1040 260 32 ) (1040 260 64 ) (1040 300 64 ) (1040 300 32 ) 
4 0 (1152 896 320 ) (1152 0 320 ) (1152 0 0 ) (1152 896 0 ) 
4 0 (1152 0 0 ) (1040 0 0 ) (1040 896 0 ) (1152 896 0 ) 
4 0 (1040 896 320 ) (1040 0 320 ) (1152 0 320 ) (1152 896 320 ) 
4 0 (1152 896 320 ) (1152 896 0 ) (1040 896 0 ) (1040 896 320 ) 
4 1 (1040 260 64 ) (1024 260 64 ) (1024 300 64 ) (1040 300 64 ) 
4 1 (1040 260 320 ) (1040 896 320 ) (1024 896 320 ) (1024 260 320 ) 
4 1 (1024 896 64 ) (1024 896 320 ) (1040 896 320 ) (1040 896 64 ) 
4 2 (1040 300 32 ) (1040 300 64 ) (1024 300 64 ) (1024 300 32 ) 
4 2 (1024 896 64 ) (1040 896 64 ) (1040 896 0 ) (1024 896 0 ) 
4 2 (1024 300 0 ) (1024 896 0 ) (1040 896 0 ) (1040 300 0 ) 
4 3 (1024 260 0 ) (1024 300 0 ) (1040 300 0 ) (1040 260 0 ) 
4 3 (1040 300 32 ) (1024 300 32 ) (1024 260 32 ) (1040 260 32 ) 
4 4 (1040 20 292 ) (1040 0 292 ) (1024 0 292 ) (1024 20 292 ) 
4 4 (1040 260 320 ) (1024 260 320 ) (1024 0 320 ) (1040 0 320 ) 
4 5 (1040 20 256 ) (1040 20 292 ) (1024 20 292 ) (1024 20 256 ) 
4 5 (1024 260 32 ) (1024 260 64 ) (1040 260 64 ) (1040 260 32 ) 
4 5 (1024 20 0 ) (1024 260 0 ) (1040 260 0 ) (1040 20 0 ) 
4 6 (1040 0 0 ) (1024 0 0 ) (1024 20 0 ) (1040 20 0 ) 
4 6 (1024 0 256 ) (1040 0 256 ) (1040 20 256 ) (1024 20 256 ) 
4 7 (1040 -300 32 ) (1040 -300 64 ) (1040 -260 64 ) (1040 -260 32 ) 
4 7 (1040 -20 292 ) (1040 0 292 ) (1040 0 256 ) (1040 -20 256 ) 
4 7 (1152 -896 320 ) (1152 -896 0 ) (1152 0 0 ) (1152 0 320 ) 
4 7 (1040 -896 0 ) (1040 0 0 ) (1152 0 0 ) (1152 -896 0 ) 
4 7 (1040 -896 320 ) (1152 -896 320 ) (1152 0 320 ) (1040 0 320 ) 
4 7 (1040 -896 320 ) (1040 -896 0 ) (1152 -896 0 ) (1152 -896 320 ) 
4 8 (1024 -20 292 ) (1024 0 292 ) (1040 0 292 ) (1040 -20 292 ) 
4 8 (1040 -300 320 ) (1040 0 320 ) (1024 0 320 ) (1024 -300 320 ) 
4 9 (1024 -20 292 ) (1040 -20 292 ) (1040 -20 256 ) (1024 -20 256 ) 
4 10 (1040 -260 32 ) (1040 -260 64 ) (1024 -260 64 ) (1024 -260 32 ) 
4 10 (1040 -20 256 ) (1040 0 256 ) (1024 0 256 ) (1024 -20 256 ) 
4 10 (1024 -260 0 ) (1024 0 0 ) (1040 0 0 ) (1040 -260 0 ) 
4 11 (1040 -300 64 ) (1024 -300 64 ) (1024 -260 64 ) (1040 -260 64 ) 
4 12 (1024 -300 0 ) (1024 -260 0 ) (1040 -260 0 ) (1040 -300 0 ) 
4 12 (1040 -260 32 ) (1024 -260 32 ) (1024 -300 32 ) (1040 -300 32 ) 
4 13 (1024 -300 32 ) (1024 -300 64 ) (1040 -300 64 ) (1040 -300 32 ) 
4 13 (1024 -896 0 ) (1040 -896 0 ) (1040 -896 320 ) (1024 -896 320 ) 
4 13 (1040 -896 320 ) (1040 -300 320 ) (1024 -300 320 ) (1024 -896 320 ) 
4 13 (1024 -896 0 ) (1024 -300 0 ) (1040 -300 0 ) (1040 -896 0 ) 
4 14 (1024 260 64 ) (0 260 64 ) (0 300 64 ) (1024 300 64 ) 
4 14 (1024 896 320 ) (1024 896 64 ) (0 896 64 ) (0 896 320 ) 
4 14 (1024 260 320 ) (1024 896 320 ) (0 896 320 ) (0 260 320 ) 
4 15 (1024 300 32 ) (1024 300 64 ) (0 300 64 ) (0 300 32 ) 
4 15 (0 300 0 ) (0 896 0 ) (1024 896 0 ) (1024 300 0 ) 
4 15 (1024 896 64 ) (1024 896 0 ) (0 896 0 ) (0 896 64 ) 
4 16 (0 260 0 ) (0 300 0 ) (1024 300 0 ) (1024 260 0 ) 
4 16 (1024 300 32 ) (0 300 32 ) (0 260 32 ) (1024 260 32 ) 
4 17 (0 20 220 ) (0 120 220 ) (200 120 220 ) (200 20 220 ) 
4 17 (1024 20 256 ) (1024 20 292 ) (0 20 292 ) (0 20 256 ) 
4 17 (1024 20 320 ) (1024 260 320 ) (0 260 320 ) (0 20 320 ) 
4 18 (1024 0 292 ) (0 0 292 ) (0 20 292 ) (1024 20 292 ) 
4 18 (1024 20 320 ) (0 20 320 ) (0 0 320 ) (1024 0 320 ) 
4 19 (200 0 220 ) (0 0 220 ) (0 20 220 ) (200 20 220 ) 
4 19 (1024 20 256 ) (0 20 256 ) (0 0 256 ) (1024 0 256 ) 
4 20 (200 0 220 ) (200 120 220 ) (200 120 0 ) (200 0 0 ) 
4 20 (200 260 32 ) (200 260 64 ) (1024 260 64 ) (1024 260 32 ) 
4 20 (1024 0 0 ) (200 0 0 ) (200 260 0 ) (1024 260 0 ) 
4 21 (0 120 0 ) (0 260 0 ) (200 260 0 ) (200 120 0 ) 
4 21 (200 260 32 ) (0 260 32 ) (0 260 64 ) (200 260 64 ) 
4 21 (0 120 0 ) (200 120 0 ) (200 120 220 ) (0 120 220 ) 
4 22 (1024 -20 292 ) (0 -20 292 ) (0 0 292 ) (1024 0 292 ) 
4 22 (1024 -20 320 ) (1024 0 320 ) (0 0 320 ) (0 -20 320 ) 
4 23 (0 -20 220 ) (0 0 220 ) (200 0 220 ) (200 -20 220 ) 
4 23 (1024 0 256 ) (0 0 256 ) (0 -20 256 ) (1024 -20 256 ) 
4 24 (0 -120 220 ) (0 -20 220 ) (200 -20 220 ) (200 -120 220 ) 
4 24 (0 -20 256 ) (0 -20 292 ) (1024 -20 292 ) (1024 -20 256 ) 
4 24 (1024 -300 320 ) (1024 -20 320 ) (0 -20 320 ) (0 -300 320 ) 
4 25 (200 0 0 ) (1024 0 0 ) (1024 -120 0 ) (200 -120 0 ) 
4 25 (200 0 0 ) (200 -120 0 ) (200 -120 220 ) (200 0 220 ) 
4 26 (1024 -260 32 ) (1024 -260 64 ) (0 -260 64 ) (0 -260 32 ) 
4 26 (0 -120 220 ) (200 -120 220 ) (200 -120 0 ) (0 -120 0 ) 
4 26 (0 -260 0 ) (0 -120 0 ) (1024 -120 0 ) (1024 -260 0 ) 
4 27 (1024 -300 64 ) (0 -300 64 ) (0 -260 64 ) (1024 -260 64 ) 
4 28 (0 -300 0 ) (0 -260 0 ) (1024 -260 0 ) (1024 -300 0 ) 
4 28 (1024 -260 32 ) (0 -260 32 ) (0 -300 32 ) (1024 -300 32 ) 
4 29 (0 -300 32 ) (0 -300 64 ) (1024 -300 64 ) (1024 -300 32 ) 
4 29 (1024 -300 320 ) (0 -300 320 ) (0 -896 320 ) (1024 -896 320 ) 
4 29 (0 -896 0 ) (0 -300 0 ) (1024 -300 0 ) (1024 -896 0 ) 
4 29 (0 -896 320 ) (0 -896 0 ) (1024 -896 0 ) (1024 -896 320 ) 
4 30 (-1024 20 256 ) (0 20 256 ) (0 20 292 ) (-1024 20 292 ) 
4 30 (0 20 320 ) (0 896 320 ) (-1024 896 320 ) (-1024 20 320 ) 
4 30 (0 896 320 ) (0 896 256 ) (-1024 896 256 ) (-1024 896 320 ) 
4 31 (0 20 320 ) (-1024 20 320 ) (-1024 0 320 ) (0 0 320 ) 
4 31 (0 0 292 ) (-1024 0 292 ) (-1024 20 292 ) (0 20 292 ) 
4 32 (0 0 220 ) (-200 0 220 ) (-200 120 220 ) (0 120 220 ) 
4 32 (0 896 256 ) (0 896 220 ) (-1024 896 220 ) (-1024 896 256 ) 
4 32 (0 20 256 ) (-1024 20 256 ) (-1024 0 256 ) (0 0 256 ) 
4 33 (0 260 64 ) (-1024 260 64 ) (-1024 300 64 ) (0 300 64 ) 
4 33 (0 896 220 ) (0 896 64 ) (-1024 896 64 ) (-1024 896 220 ) 
4 34 (0 300 32 ) (0 300 64 ) (-1024 300 64 ) (-1024 300 32 ) 
4 34 (-1024 300 0 ) (-1024 896 0 ) (0 896 0 ) (0 300 0 ) 
4 34 (0 896 64 ) (0 896 0 ) (-1024 896 0 ) (-1024 896 64 ) 
4 35 (-1024 260 0 ) (-1024 300 0 ) (0 300 0 ) (0 260 0 ) 
4 35 (0 300 32 ) (-1024 300 32 ) (-1024 260 32 ) (0 260 32 ) 
4 36 (-200 120 0 ) (0 120 0 ) (0 120 220 ) (-200 120 220 ) 
4 36 (-1024 120 0 ) (-1024 260 0 ) (0 260 0 ) (0 120 0 ) 
4 36 (-1024 260 32 ) (-1024 260 64 ) (0 260 64 ) (0 260 32 ) 
4 37 (-200 0 0 ) (-1024 0 0 ) (-1024 120 0 ) (-200 120 0 ) 
4 37 (-200 0 220 ) (-200 0 0 ) (-200 120 0 ) (-200 120 220 ) 
4 38 (0 -20 320 ) (0 0 320 ) (-1024 0 320 ) (-1024 -20 320 ) 
4 38 (0 -20 292 ) (-1024 -20 292 ) (-1024 0 292 ) (0 0 292 ) 
4 39 (-1024 -20 292 ) (0 -20 292 ) (0 -20 256 ) (-1024 -20 256 ) 
4 39 (0 -20 320 ) (-1024 -20 320 ) (-1024 -896 320 ) (0 -896 320 ) 
4 39 (-1024 -896 320 ) (-1024 -896 256 ) (0 -896 256 ) (0 -896 320 ) 
4 40 (-200 0 220 ) (0 0 220 ) (0 -120 220 ) (-200 -120 220 ) 
4 40 (-1024 -896 256 ) (-1024 -896 220 ) (0 -896 220 ) (0 -896 256 ) 
4 40 (0 -20 256 ) (0 0 256 ) (-1024 0 256 ) (-1024 -20 256 ) 
4 41 (-1024 -120 0 ) (-1024 0 0 ) (-200 0 0 ) (-200 -120 0 ) 
4 41 (-200 0 220 ) (-200 -120 220 ) (-200 -120 0 ) (-200 0 0 ) 
4 42 (0 -260 32 ) (0 -260 64 ) (-1024 -260 64 ) (-1024 -260 32 ) 
4 42 (-1024 -260 0 ) (-1024 -120 0 ) (0 -120 0 ) (0 -260 0 ) 
4 42 (-200 -120 220 ) (0 -120 220 ) (0 -120 0 ) (-200 -120 0 ) 
4 43 (0 -300 64 ) (-1024 -300 64 ) (-1024 -260 64 ) (0 -260 64 ) 
4 44 (-1024 -300 0 ) (-1024 -260 0 ) (0 -260 0 ) (0 -300 0 ) 
4 44 (0 -260 32 ) (-1024 -260 32 ) (-1024 -300 32 ) (0 -300 32 ) 
4 45 (-1024 -300 32 ) (-1024 -300 64 ) (0 -300 64 ) (0 -300 32 ) 
4 45 (0 -896 0 ) (-1024 -896 0 ) (-1024 -300 0 ) (0 -300 0 ) 
4 45 (-1024 -896 220 ) (-1024 -896 0 ) (0 -896 0 ) (0 -896 220 ) 
4 46 (-1024 260 64 ) (-1040 260 64 ) (-1040 300 64 ) (-1024 300 64 ) 
4 46 (-1024 260 320 ) (-1024 896 320 ) (-1040 896 320 ) (-1040 260 320 ) 
4 46 (-1024 896 320 ) (-1024 896 64 ) (-1040 896 64 ) (-1040 896 320 ) 
4 47 (-1024 300 64 ) (-1040 300 64 ) (-1040 300 32 ) (-1024 300 32 ) 
4 47 (-1024 896 64 ) (-1024 896 0 ) (-1040 896 0 ) (-1040 896 64 ) 
4 47 (-1040 300 0 ) (-1040 896 0 ) (-1024 896 0 ) (-1024 300 0 ) 
4 48 (-1040 260 0 ) (-1040 300 0 ) (-1024 300 0 ) (-1024 260 0 ) 
4 48 (-1024 300 32 ) (-1040 300 32 ) (-1040 260 32 ) (-1024 260 32 ) 
4 49 (-1024 0 292 ) (-1040 0 292 ) (-1040 20 292 ) (-1024 20 292 ) 
4 49 (-1024 260 320 ) (-1040 260 320 ) (-1040 0 320 ) (-1024 0 320 ) 
4 50 (-1024 20 292 ) (-1040 20 292 ) (-1040 20 256 ) (-1024 20 256 ) 
4 50 (-1024 260 64 ) (-1024 260 32 ) (-1040 260 32 ) (-1040 260 64 ) 
4 50 (-1040 20 0 ) (-1040 260 0 ) (-1024 260 0 ) (-1024 20 0 ) 
4 51 (-1024 0 0 ) (-1040 0 0 ) (-1040 20 0 ) (-1024 20 0 ) 
4 51 (-1024 20 256 ) (-1040 20 256 ) (-1040 0 256 ) (-1024 0 256 ) 
4 52 (-1152 896 0 ) (-1152 0 0 ) (-1152 0 320 ) (-1152 896 320 ) 
4 52 (-1040 0 0 ) (-1152 0 0 ) (-1152 896 0 ) (-1040 896 0 ) 
4 52 (-1040 896 320 ) (-1152 896 320 ) (-1152 0 320 ) (-1040 0 320 ) 
4 52 (-1040 300 32 ) (-1040 300 64 ) (-1040 260 64 ) (-1040 260 32 ) 
4 52 (-1040 20 256 ) (-1040 20 292 ) (-1040 0 292 ) (-1040 0 256 ) 
4 52 (-1152 896 0 ) (-1152 896 320 ) (-1040 896 320 ) (-1040 896 0 ) 
4 53 (-1040 -20 292 ) (-1040 0 292 ) (-1024 0 292 ) (-1024 -20 292 ) 
4 53 (-1040 -300 320 ) (-1024 -300 320 ) (-1024 0 320 ) (-1040 0 320 ) 
4 54 (-1040 -20 292 ) (-1024 -20 292 ) (-1024 -20 256 ) (-1040 -20 256 ) 
4 55 (-1040 -260 64 ) (-1040 -260 32 ) (-1024 -260 32 ) (-1024 -260 64 ) 
4 55 (-1024 -20 256 ) (-1024 0 256 ) (-1040 0 256 ) (-1040 -20 256 ) 
4 55 (-1040 0 0 ) (-1024 0 0 ) (-1024 -260 0 ) (-1040 -260 0 ) 
4 56 (-1024 -300 64 ) (-1040 -300 64 ) (-1040 -260 64 ) (-1024 -260 64 ) 
4 57 (-1024 -260 0 ) (-1024 -300 0 ) (-1040 -300 0 ) (-1040 -260 0 ) 
4 57 (-1024 -260 32 ) (-1040 -260 32 ) (-1040 -300 32 ) (-1024 -300 32 ) 
4 58 (-1024 -300 64 ) (-1024 -300 32 ) (-1040 -300 32 ) (-1040 -300 64 ) 
4 58 (-1040 -896 320 ) (-1040 -896 0 ) (-1024 -896 0 ) (-1024 -896 320 ) 
4 58 (-1040 -300 320 ) (-1040 -896 320 ) (-1024 -896 320 ) (-1024 -300 320 ) 
4 58 (-1024 -300 0 ) (-1024 -896 0 ) (-1040 -896 0 ) (-1040 -300 0 ) 
4 59 (-1152 0 320 ) (-1152 0 0 ) (-1152 -896 0 ) (-1152 -896 320 ) 
4 59 (-1152 0 0 ) (-1040 0 0 ) (-1040 -896 0 ) (-1152 -896 0 ) 
4 59 (-1040 -896 320 ) (-1040 0 320 ) (-1152 0 320 ) (-1152 -896 320 ) 
4 59 (-1040 -20 256 ) (-1040 0 256 ) (-1040 0 292 ) (-1040 -20 292 ) 
4 59 (-1040 -260 32 ) (-1040 -260 64 ) (-1040 -300 64 ) (-1040 -300 32 ) 
4 59 (-1040 -896 0 ) (-1040 -896 320 ) (-1152 -896 320 ) (-1152 -896 0 ) 
