PRT1
30
76
97
4 0 15 0 (0 352 320 ) (0 960 320 ) (0 960 0 ) (0 352 0 ) 
4 0 1 0 (0 352 0 ) (160 352 0 ) (160 352 224 ) (0 352 224 ) 
4 1 16 0 (0 352 224 ) (0 352 0 ) (0 320 0 ) (0 320 224 ) 
4 1 5 0 (0 320 0 ) (160 320 0 ) (160 320 224 ) (0 320 224 ) 
4 2 17 0 (0 0 294 ) (0 0 320 ) (0 320 320 ) (0 320 294 ) 
4 2 6 0 (0 0 320 ) (0 0 294 ) (1024 0 294 ) (1024 0 320 ) 
4 2 4 0 (0 320 294 ) (980 320 294 ) (980 18 294 ) (0 18 294 ) 
4 2 3 0 (980 320 294 ) (1024 320 294 ) (1024 0 294 ) (980 0 294 ) 
4 3 7 0 (1024 0 258 ) (1024 0 294 ) (980 0 294 ) (980 0 258 ) 
4 3 9 0 (980 0 0 ) (1024 0 0 ) (1024 0 258 ) (980 0 258 ) 
4 3 4 0 (980 18 294 ) (980 320 294 ) (980 320 258 ) (980 18 258 ) 
4 3 5 0 (980 320 258 ) (980 320 0 ) (980 0 0 ) (980 0 258 ) 
4 4 18 0 (0 18 294 ) (0 320 294 ) (0 320 258 ) (0 18 258 ) 
4 4 5 0 (0 320 258 ) (980 320 258 ) (980 18 258 ) (0 18 258 ) 
4 5 19 0 (0 0 0 ) (0 0 258 ) (0 320 258 ) (0 320 0 ) 
4 5 9 0 (0 0 258 ) (0 0 0 ) (980 0 0 ) (980 0 258 ) 
4 6 21 0 (0 -680 320 ) (0 0 320 ) (0 0 294 ) (0 -680 294 ) 
4 6 14 0 (1024 -680 294 ) (1024 -680 320 ) (0 -680 320 ) (0 -680 294 ) 
4 6 10 0 (1024 -680 294 ) (0 -680 294 ) (0 -460 294 ) (1024 -460 294 ) 
4 6 8 0 (0 -460 294 ) (0 -18 294 ) (980 -18 294 ) (980 -460 294 ) 
4 6 7 0 (980 0 294 ) (1024 0 294 ) (1024 -460 294 ) (980 -460 294 ) 
4 7 10 0 (1024 -460 258 ) (1024 -460 294 ) (980 -460 294 ) (980 -460 258 ) 
4 7 8 0 (980 -18 258 ) (980 -460 258 ) (980 -460 294 ) (980 -18 294 ) 
4 7 9 0 (1024 -460 258 ) (980 -460 258 ) (980 0 258 ) (1024 0 258 ) 
4 8 22 0 (0 -18 258 ) (0 -460 258 ) (0 -460 294 ) (0 -18 294 ) 
4 8 10 0 (980 -460 294 ) (0 -460 294 ) (0 -460 258 ) (980 -460 258 ) 
4 8 9 0 (980 -460 258 ) (0 -460 258 ) (0 -18 258 ) (980 -18 258 ) 
4 9 24 0 (0 0 258 ) (0 0 0 ) (0 -460 0 ) (0 -460 258 ) 
4 9 11 0 (1024 -460 32 ) (1024 -460 70 ) (940 -460 70 ) (940 -460 32 ) 
4 9 12 0 (740 -460 0 ) (1024 -460 0 ) (1024 -460 32 ) (740 -460 32 ) 
4 9 13 0 (0 -460 0 ) (740 -460 0 ) (740 -460 70 ) (0 -460 70 ) 
4 9 10 0 (1024 -460 70 ) (1024 -460 258 ) (0 -460 258 ) (0 -460 70 ) 
4 10 25 0 (0 -680 70 ) (0 -680 294 ) (0 -460 294 ) (0 -460 70 ) 
4 10 14 0 (1024 -680 70 ) (1024 -680 294 ) (0 -680 294 ) (0 -680 70 ) 
4 10 11 0 (1024 -680 70 ) (940 -680 70 ) (940 -460 70 ) (1024 -460 70 ) 
4 10 13 0 (740 -680 70 ) (0 -680 70 ) (0 -460 70 ) (740 -460 70 ) 
4 11 14 0 (1024 -680 32 ) (1024 -680 70 ) (940 -680 70 ) (940 -680 32 ) 
4 11 12 0 (1024 -680 32 ) (940 -680 32 ) (940 -460 32 ) (1024 -460 32 ) 
4 12 14 0 (740 -680 0 ) (1024 -680 0 ) (1024 -680 32 ) (740 -680 32 ) 
4 12 13 0 (740 -680 0 ) (740 -680 32 ) (740 -460 32 ) (740 -460 0 ) 
4 13 26 0 (0 -680 32 ) (0 -680 70 ) (0 -460 70 ) (0 -460 32 ) 
4 13 27 0 (0 -460 0 ) (0 -680 0 ) (0 -680 32 ) (0 -460 32 ) 
4 13 14 0 (0 -680 0 ) (740 -680 0 ) (740 -680 70 ) (0 -680 70 ) 
4 14 29 0 (0 -960 320 ) (0 -680 320 ) (0 -680 0 ) (0 -960 0 ) 
4 15 16 0 (-160 352 224 ) (-160 352 0 ) (0 352 0 ) (0 352 224 ) 
4 16 19 0 (-160 320 224 ) (-160 320 0 ) (0 320 0 ) (0 320 224 ) 
4 17 21 0 (0 0 294 ) (0 0 320 ) (-1024 0 320 ) (-1024 0 294 ) 
4 17 18 0 (-980 18 294 ) (-980 320 294 ) (0 320 294 ) (0 18 294 ) 
4 17 20 0 (-980 0 294 ) (-1024 0 294 ) (-1024 320 294 ) (-980 320 294 ) 
4 18 19 0 (-980 18 258 ) (-980 320 258 ) (0 320 258 ) (0 18 258 ) 
4 18 20 0 (-980 18 294 ) (-980 320 294 ) (-980 320 258 ) (-980 18 258 ) 
4 19 24 0 (-980 0 0 ) (0 0 0 ) (0 0 258 ) (-980 0 258 ) 
4 19 20 0 (-980 320 258 ) (-980 320 0 ) (-980 0 0 ) (-980 0 258 ) 
4 20 23 0 (-980 0 258 ) (-980 0 294 ) (-1024 0 294 ) (-1024 0 258 ) 
4 20 24 0 (-1024 0 0 ) (-980 0 0 ) (-980 0 258 ) (-1024 0 258 ) 
4 21 29 0 (0 -680 320 ) (-1024 -680 320 ) (-1024 -680 294 ) (0 -680 294 ) 
4 21 25 0 (0 -680 294 ) (-1024 -680 294 ) (-1024 -460 294 ) (0 -460 294 ) 
4 21 22 0 (0 -18 294 ) (0 -460 294 ) (-980 -460 294 ) (-980 -18 294 ) 
4 21 23 0 (-1024 -460 294 ) (-1024 0 294 ) (-980 0 294 ) (-980 -460 294 ) 
4 22 25 0 (0 -460 294 ) (-980 -460 294 ) (-980 -460 258 ) (0 -460 258 ) 
4 22 23 0 (-980 -18 258 ) (-980 -460 258 ) (-980 -460 294 ) (-980 -18 294 ) 
4 22 24 0 (0 -460 258 ) (-980 -460 258 ) (-980 -18 258 ) (0 -18 258 ) 
4 23 25 0 (-980 -460 294 ) (-1024 -460 294 ) (-1024 -460 258 ) (-980 -460 258 ) 
4 23 24 0 (-980 -460 258 ) (-1024 -460 258 ) (-1024 0 258 ) (-980 0 258 ) 
4 24 26 0 (0 -460 32 ) (0 -460 70 ) (-740 -460 70 ) (-740 -460 32 ) 
4 24 27 0 (-940 -460 0 ) (0 -460 0 ) (0 -460 32 ) (-940 -460 32 ) 
4 24 28 0 (-1024 -460 70 ) (-1024 -460 0 ) (-940 -460 0 ) (-940 -460 70 ) 
4 24 25 0 (-1024 -460 258 ) (-1024 -460 70 ) (0 -460 70 ) (0 -460 258 ) 
4 25 29 0 (-1024 -680 294 ) (-1024 -680 70 ) (0 -680 70 ) (0 -680 294 ) 
4 25 26 0 (0 -680 70 ) (-740 -680 70 ) (-740 -460 70 ) (0 -460 70 ) 
4 25 28 0 (-940 -680 70 ) (-1024 -680 70 ) (-1024 -460 70 ) (-940 -460 70 ) 
4 26 29 0 (0 -680 32 ) (0 -680 70 ) (-740 -680 70 ) (-740 -680 32 ) 
4 26 27 0 (0 -680 32 ) (-740 -680 32 ) (-740 -460 32 ) (0 -460 32 ) 
4 27 29 0 (-940 -680 0 ) (0 -680 0 ) (0 -680 32 ) (-940 -680 32 ) 
4 27 28 0 (-940 -680 0 ) (-940 -680 32 ) (-940 -460 32 ) (-940 -460 0 ) 
4 28 29 0 (-1024 -680 70 ) (-1024 -680 0 ) (-940 -680 0 ) (-940 -680 70 ) 
4 0 (160 352 224 ) (160 352 320 ) (0 352 320 ) (0 352 224 ) 
4 0 (160 352 0 ) (1024 352 0 ) (1024 352 320 ) (160 352 320 ) 
4 0 (0 960 320 ) (0 352 320 ) (1024 352 320 ) (1024 960 320 ) 
4 0 (0 352 0 ) (0 960 0 ) (1024 960 0 ) (1024 352 0 ) 
4 0 (1024 960 320 ) (1024 352 320 ) (1024 352 0 ) (1024 960 0 ) 
4 0 (0 960 320 ) (1024 960 320 ) (1024 960 0 ) (0 960 0 ) 
4 1 (160 320 224 ) (160 320 0 ) (160 352 0 ) (160 352 224 ) 
4 1 (0 320 0 ) (0 352 0 ) (160 352 0 ) (160 320 0 ) 
4 1 (0 320 224 ) (160 320 224 ) (160 352 224 ) (0 352 224 ) 
4 2 (980 18 294 ) (980 0 294 ) (0 0 294 ) (0 18 294 ) 
4 2 (1024 320 294 ) (1024 320 320 ) (1024 0 320 ) (1024 0 294 ) 
4 2 (0 320 320 ) (0 0 320 ) (1024 0 320 ) (1024 320 320 ) 
4 2 (160 320 294 ) (160 320 320 ) (1024 320 320 ) (1024 320 294 ) 
4 2 (0 320 294 ) (0 320 320 ) (160 320 320 ) (160 320 294 ) 
4 3 (980 0 294 ) (980 18 294 ) (980 18 258 ) (980 0 258 ) 
4 3 (980 320 294 ) (1024 320 294 ) (1024 320 0 ) (980 320 0 ) 
4 3 (1024 0 0 ) (980 0 0 ) (980 320 0 ) (1024 320 0 ) 
4 3 (1024 320 294 ) (1024 0 294 ) (1024 0 0 ) (1024 320 0 ) 
4 4 (0 320 258 ) (0 320 294 ) (160 320 294 ) (160 320 258 ) 
4 4 (160 320 258 ) (160 320 294 ) (980 320 294 ) (980 320 258 ) 
4 4 (0 18 258 ) (980 18 258 ) (980 18 294 ) (0 18 294 ) 
4 5 (0 18 258 ) (0 0 258 ) (980 0 258 ) (980 18 258 ) 
4 5 (980 0 0 ) (0 0 0 ) (0 320 0 ) (980 320 0 ) 
4 5 (160 320 258 ) (980 320 258 ) (980 320 0 ) (160 320 0 ) 
4 5 (0 320 224 ) (0 320 258 ) (160 320 258 ) (160 320 224 ) 
4 6 (0 -18 294 ) (0 0 294 ) (980 0 294 ) (980 -18 294 ) 
4 6 (1024 -680 320 ) (1024 -680 294 ) (1024 0 294 ) (1024 0 320 ) 
4 6 (1024 -680 320 ) (1024 0 320 ) (0 0 320 ) (0 -680 320 ) 
4 7 (980 0 258 ) (980 -18 258 ) (980 -18 294 ) (980 0 294 ) 
4 7 (1024 -460 294 ) (1024 -460 258 ) (1024 0 258 ) (1024 0 294 ) 
4 8 (0 -18 294 ) (980 -18 294 ) (980 -18 258 ) (0 -18 258 ) 
4 9 (940 -460 70 ) (740 -460 70 ) (740 -460 32 ) (940 -460 32 ) 
4 9 (980 -18 258 ) (980 0 258 ) (0 0 258 ) (0 -18 258 ) 
4 9 (1024 -460 258 ) (1024 -460 0 ) (1024 0 0 ) (1024 0 258 ) 
4 9 (0 -460 0 ) (0 0 0 ) (1024 0 0 ) (1024 -460 0 ) 
4 10 (940 -680 70 ) (740 -680 70 ) (740 -460 70 ) (940 -460 70 ) 
4 10 (1024 -460 70 ) (1024 -460 294 ) (1024 -680 294 ) (1024 -680 70 ) 
4 11 (1024 -460 32 ) (1024 -460 70 ) (1024 -680 70 ) (1024 -680 32 ) 
4 11 (940 -460 32 ) (940 -680 32 ) (940 -680 70 ) (940 -460 70 ) 
4 12 (940 -460 32 ) (740 -460 32 ) (740 -680 32 ) (940 -680 32 ) 
4 12 (1024 -460 32 ) (1024 -680 32 ) (1024 -680 0 ) (1024 -460 0 ) 
4 12 (740 -460 0 ) (1024 -460 0 ) (1024 -680 0 ) (740 -680 0 ) 
4 13 (740 -460 32 ) (740 -460 70 ) (740 -680 70 ) (740 -680 32 ) 
4 13 (0 -680 0 ) (0 -460 0 ) (740 -460 0 ) (740 -680 0 ) 
4 14 (1024 -680 320 ) (1024 -960 320 ) (1024 -960 0 ) (1024 -680 0 ) 
4 14 (0 -960 0 ) (0 -680 0 ) (1024 -680 0 ) (1024 -960 0 ) 
4 14 (1024 -960 320 ) (1024 -680 320 ) (0 -680 320 ) (0 -960 320 ) 
4 14 (940 -680 32 ) (740 -680 32 ) (740 -680 70 ) (940 -680 70 ) 
4 14 (0 -960 0 ) (1024 -960 0 ) (1024 -960 320 ) (0 -960 320 ) 
4 15 (0 352 320 ) (-160 352 320 ) (-160 352 224 ) (0 352 224 ) 
4 15 (-160 352 320 ) (-1024 352 320 ) (-1024 352 0 ) (-160 352 0 ) 
4 15 (0 352 320 ) (0 960 320 ) (-1024 960 320 ) (-1024 352 320 ) 
4 15 (-1024 352 0 ) (-1024 960 0 ) (0 960 0 ) (0 352 0 ) 
4 15 (-1024 960 0 ) (-1024 352 0 ) (-1024 352 320 ) (-1024 960 320 ) 
4 15 (0 960 0 ) (-1024 960 0 ) (-1024 960 320 ) (0 960 320 ) 
4 16 (-160 352 224 ) (-160 352 0 ) (-160 320 0 ) (-160 320 224 ) 
4 16 (-160 352 0 ) (0 352 0 ) (0 320 0 ) (-160 320 0 ) 
4 16 (0 352 224 ) (-160 352 224 ) (-160 320 224 ) (0 320 224 ) 
4 17 (0 0 294 ) (-980 0 294 ) (-980 18 294 ) (0 18 294 ) 
4 17 (-1024 0 294 ) (-1024 0 320 ) (-1024 320 320 ) (-1024 320 294 ) 
4 17 (0 320 320 ) (-1024 320 320 ) (-1024 0 320 ) (0 0 320 ) 
4 17 (-160 320 294 ) (-1024 320 294 ) (-1024 320 320 ) (-160 320 320 ) 
4 17 (0 320 294 ) (-160 320 294 ) (-160 320 320 ) (0 320 320 ) 
4 18 (0 320 294 ) (0 320 258 ) (-160 320 258 ) (-160 320 294 ) 
4 18 (-980 320 258 ) (-980 320 294 ) (-160 320 294 ) (-160 320 258 ) 
4 18 (-980 18 294 ) (-980 18 258 ) (0 18 258 ) (0 18 294 ) 
4 19 (0 18 258 ) (-980 18 258 ) (-980 0 258 ) (0 0 258 ) 
4 19 (0 0 0 ) (-980 0 0 ) (-980 320 0 ) (0 320 0 ) 
4 19 (-980 320 258 ) (-160 320 258 ) (-160 320 0 ) (-980 320 0 ) 
4 19 (0 320 258 ) (0 320 224 ) (-160 320 224 ) (-160 320 258 ) 
4 20 (-980 0 258 ) (-980 18 258 ) (-980 18 294 ) (-980 0 294 ) 
4 20 (-980 320 294 ) (-980 320 0 ) (-1024 320 0 ) (-1024 320 294 ) 
4 20 (-980 0 0 ) (-1024 0 0 ) (-1024 320 0 ) (-980 320 0 ) 
4 20 (-1024 320 0 ) (-1024 0 0 ) (-1024 0 294 ) (-1024 320 294 ) 
4 21 (-980 0 294 ) (0 0 294 ) (0 -18 294 ) (-980 -18 294 ) 
4 21 (-1024 0 320 ) (-1024 0 294 ) (-1024 -680 294 ) (-1024 -680 320 ) 
4 21 (0 -680 320 ) (0 0 320 ) (-1024 0 320 ) (-1024 -680 320 ) 
4 22 (0 -18 294 ) (0 -18 258 ) (-980 -18 258 ) (-980 -18 294 ) 
4 23 (-980 0 294 ) (-980 -18 294 ) (-980 -18 258 ) (-980 0 258 ) 
4 23 (-1024 0 294 ) (-1024 0 258 ) (-1024 -460 258 ) (-1024 -460 294 ) 
4 24 (-740 -460 70 ) (-940 -460 70 ) (-940 -460 32 ) (-740 -460 32 ) 
4 24 (0 -18 258 ) (0 0 258 ) (-980 0 258 ) (-980 -18 258 ) 
4 24 (-1024 0 258 ) (-1024 0 0 ) (-1024 -460 0 ) (-1024 -460 258 ) 
4 24 (-1024 0 0 ) (0 0 0 ) (0 -460 0 ) (-1024 -460 0 ) 
4 25 (-740 -680 70 ) (-940 -680 70 ) (-940 -460 70 ) (-740 -460 70 ) 
4 25 (-1024 -680 70 ) (-1024 -680 294 ) (-1024 -460 294 ) (-1024 -460 70 ) 
4 26 (-740 -460 32 ) (-740 -680 32 ) (-740 -680 70 ) (-740 -460 70 ) 
4 27 (-740 -460 32 ) (-940 -460 32 ) (-940 -680 32 ) (-740 -680 32 ) 
4 27 (0 -460 0 ) (0 -680 0 ) (-940 -680 0 ) (-940 -460 0 ) 
4 28 (-940 -460 32 ) (-940 -460 70 ) (-940 -680 70 ) (-940 -680 32 ) 
4 28 (-940 -680 0 ) (-1024 -680 0 ) (-1024 -460 0 ) (-940 -460 0 ) 
4 28 (-1024 -460 0 ) (-1024 -680 0 ) (-1024 -680 70 ) (-1024 -460 70 ) 
4 29 (-1024 -680 0 ) (-1024 -960 0 ) (-1024 -960 320 ) (-1024 -680 320 ) 
4 29 (0 -680 0 ) (0 -960 0 ) (-1024 -960 0 ) (-1024 -680 0 ) 
4 29 (0 -960 320 ) (0 -680 320 ) (-1024 -680 320 ) (-1024 -960 320 ) 
4 29 (-740 -680 32 ) (-940 -680 32 ) (-940 -680 70 ) (-740 -680 70 ) 
4 29 (0 -960 320 ) (-1024 -960 320 ) (-1024 -960 0 ) (0 -960 0 ) 
